[scaling] label=8node mode=shared trainRows=10500000 testRows=500000 sweepSize=48 trainingPasses=24
RESULT label=8node numModels=10 maxDepth=5 maxNodes=20 sampling=Disjoint aggregation=MajorityVote trainRows=10500000 testRows=500000 accuracy=0.656648 auc=0.6728306017616197
RESULT label=8node numModels=10 maxDepth=5 maxNodes=20 sampling=Disjoint aggregation=MeanProbability trainRows=10500000 testRows=500000 accuracy=0.65831 auc=0.6917400736899767
RESULT label=8node numModels=10 maxDepth=5 maxNodes=20 sampling=SampledFraction(0.1) aggregation=MajorityVote trainRows=10500000 testRows=500000 accuracy=0.65666 auc=0.6636768574833298
RESULT label=8node numModels=10 maxDepth=5 maxNodes=20 sampling=SampledFraction(0.1) aggregation=MeanProbability trainRows=10500000 testRows=500000 accuracy=0.658226 auc=0.6913705513844427
RESULT label=8node numModels=10 maxDepth=10 maxNodes=50 sampling=Disjoint aggregation=MajorityVote trainRows=10500000 testRows=500000 accuracy=0.67426 auc=0.7048921069218841
RESULT label=8node numModels=10 maxDepth=10 maxNodes=50 sampling=Disjoint aggregation=MeanProbability trainRows=10500000 testRows=500000 accuracy=0.673722 auc=0.7308449938127085
RESULT label=8node numModels=10 maxDepth=10 maxNodes=50 sampling=SampledFraction(0.1) aggregation=MajorityVote trainRows=10500000 testRows=500000 accuracy=0.673842 auc=0.7084609862023011
RESULT label=8node numModels=10 maxDepth=10 maxNodes=50 sampling=SampledFraction(0.1) aggregation=MeanProbability trainRows=10500000 testRows=500000 accuracy=0.673416 auc=0.7337215066109303
RESULT label=8node numModels=10 maxDepth=20 maxNodes=100 sampling=Disjoint aggregation=MajorityVote trainRows=10500000 testRows=500000 accuracy=0.652578 auc=0.6777838541065551
RESULT label=8node numModels=10 maxDepth=20 maxNodes=100 sampling=Disjoint aggregation=MeanProbability trainRows=10500000 testRows=500000 accuracy=0.655058 auc=0.7023356253002517
RESULT label=8node numModels=10 maxDepth=20 maxNodes=100 sampling=SampledFraction(0.1) aggregation=MajorityVote trainRows=10500000 testRows=500000 accuracy=0.65318 auc=0.680973062203642
RESULT label=8node numModels=10 maxDepth=20 maxNodes=100 sampling=SampledFraction(0.1) aggregation=MeanProbability trainRows=10500000 testRows=500000 accuracy=0.656768 auc=0.7031489514597741
RESULT label=8node numModels=20 maxDepth=5 maxNodes=20 sampling=Disjoint aggregation=MajorityVote trainRows=10500000 testRows=500000 accuracy=0.656784 auc=0.6747476648539865
RESULT label=8node numModels=20 maxDepth=5 maxNodes=20 sampling=Disjoint aggregation=MeanProbability trainRows=10500000 testRows=500000 accuracy=0.659008 auc=0.6952681527218064
RESULT label=8node numModels=20 maxDepth=5 maxNodes=20 sampling=SampledFraction(0.05) aggregation=MajorityVote trainRows=10500000 testRows=500000 accuracy=0.65723 auc=0.6776897162891038
RESULT label=8node numModels=20 maxDepth=5 maxNodes=20 sampling=SampledFraction(0.05) aggregation=MeanProbability trainRows=10500000 testRows=500000 accuracy=0.658808 auc=0.6941072823986222
RESULT label=8node numModels=20 maxDepth=10 maxNodes=50 sampling=Disjoint aggregation=MajorityVote trainRows=10500000 testRows=500000 accuracy=0.672042 auc=0.6978225740057687
RESULT label=8node numModels=20 maxDepth=10 maxNodes=50 sampling=Disjoint aggregation=MeanProbability trainRows=10500000 testRows=500000 accuracy=0.675722 auc=0.7335957603198844
RESULT label=8node numModels=20 maxDepth=10 maxNodes=50 sampling=SampledFraction(0.05) aggregation=MajorityVote trainRows=10500000 testRows=500000 accuracy=0.672258 auc=0.72135241614209
RESULT label=8node numModels=20 maxDepth=10 maxNodes=50 sampling=SampledFraction(0.05) aggregation=MeanProbability trainRows=10500000 testRows=500000 accuracy=0.673166 auc=0.73361099206496
RESULT label=8node numModels=20 maxDepth=20 maxNodes=100 sampling=Disjoint aggregation=MajorityVote trainRows=10500000 testRows=500000 accuracy=0.65282 auc=0.6780120215149837
RESULT label=8node numModels=20 maxDepth=20 maxNodes=100 sampling=Disjoint aggregation=MeanProbability trainRows=10500000 testRows=500000 accuracy=0.652302 auc=0.6970218677084626
RESULT label=8node numModels=20 maxDepth=20 maxNodes=100 sampling=SampledFraction(0.05) aggregation=MajorityVote trainRows=10500000 testRows=500000 accuracy=0.653578 auc=0.6809191620363693
RESULT label=8node numModels=20 maxDepth=20 maxNodes=100 sampling=SampledFraction(0.05) aggregation=MeanProbability trainRows=10500000 testRows=500000 accuracy=0.655676 auc=0.701831794352107
RESULT label=8node numModels=40 maxDepth=5 maxNodes=20 sampling=Disjoint aggregation=MajorityVote trainRows=10500000 testRows=500000 accuracy=0.657846 auc=0.6840352168722262
RESULT label=8node numModels=40 maxDepth=5 maxNodes=20 sampling=Disjoint aggregation=MeanProbability trainRows=10500000 testRows=500000 accuracy=0.6612 auc=0.6966963237610018
RESULT label=8node numModels=40 maxDepth=5 maxNodes=20 sampling=SampledFraction(0.025) aggregation=MajorityVote trainRows=10500000 testRows=500000 accuracy=0.657512 auc=0.68543082018378
RESULT label=8node numModels=40 maxDepth=5 maxNodes=20 sampling=SampledFraction(0.025) aggregation=MeanProbability trainRows=10500000 testRows=500000 accuracy=0.660064 auc=0.6974894297220844
RESULT label=8node numModels=40 maxDepth=10 maxNodes=50 sampling=Disjoint aggregation=MajorityVote trainRows=10500000 testRows=500000 accuracy=0.659332 auc=0.7146476382388481
RESULT label=8node numModels=40 maxDepth=10 maxNodes=50 sampling=Disjoint aggregation=MeanProbability trainRows=10500000 testRows=500000 accuracy=0.671544 auc=0.7333348440458782
RESULT label=8node numModels=40 maxDepth=10 maxNodes=50 sampling=SampledFraction(0.025) aggregation=MajorityVote trainRows=10500000 testRows=500000 accuracy=0.660156 auc=0.7241291586850411
RESULT label=8node numModels=40 maxDepth=10 maxNodes=50 sampling=SampledFraction(0.025) aggregation=MeanProbability trainRows=10500000 testRows=500000 accuracy=0.671194 auc=0.7344053703342209
RESULT label=8node numModels=40 maxDepth=20 maxNodes=100 sampling=Disjoint aggregation=MajorityVote trainRows=10500000 testRows=500000 accuracy=0.65337 auc=0.6859620367461037
RESULT label=8node numModels=40 maxDepth=20 maxNodes=100 sampling=Disjoint aggregation=MeanProbability trainRows=10500000 testRows=500000 accuracy=0.656032 auc=0.709273668915178
RESULT label=8node numModels=40 maxDepth=20 maxNodes=100 sampling=SampledFraction(0.025) aggregation=MajorityVote trainRows=10500000 testRows=500000 accuracy=0.653666 auc=0.6823039358342563
RESULT label=8node numModels=40 maxDepth=20 maxNodes=100 sampling=SampledFraction(0.025) aggregation=MeanProbability trainRows=10500000 testRows=500000 accuracy=0.6564 auc=0.7047120928497141
RESULT label=8node numModels=80 maxDepth=5 maxNodes=20 sampling=Disjoint aggregation=MajorityVote trainRows=10500000 testRows=500000 accuracy=0.658072 auc=0.6922403009837232
RESULT label=8node numModels=80 maxDepth=5 maxNodes=20 sampling=Disjoint aggregation=MeanProbability trainRows=10500000 testRows=500000 accuracy=0.66135 auc=0.7006228061640994
RESULT label=8node numModels=80 maxDepth=5 maxNodes=20 sampling=SampledFraction(0.0125) aggregation=MajorityVote trainRows=10500000 testRows=500000 accuracy=0.65804 auc=0.6907008497564501
RESULT label=8node numModels=80 maxDepth=5 maxNodes=20 sampling=SampledFraction(0.0125) aggregation=MeanProbability trainRows=10500000 testRows=500000 accuracy=0.661722 auc=0.6993131175406743
RESULT label=8node numModels=80 maxDepth=10 maxNodes=50 sampling=Disjoint aggregation=MajorityVote trainRows=10500000 testRows=500000 accuracy=0.659206 auc=0.7254487220873028
RESULT label=8node numModels=80 maxDepth=10 maxNodes=50 sampling=Disjoint aggregation=MeanProbability trainRows=10500000 testRows=500000 accuracy=0.661284 auc=0.7344321886782579
RESULT label=8node numModels=80 maxDepth=10 maxNodes=50 sampling=SampledFraction(0.0125) aggregation=MajorityVote trainRows=10500000 testRows=500000 accuracy=0.659706 auc=0.7177604446002835
RESULT label=8node numModels=80 maxDepth=10 maxNodes=50 sampling=SampledFraction(0.0125) aggregation=MeanProbability trainRows=10500000 testRows=500000 accuracy=0.66204 auc=0.7353817990927713
RESULT label=8node numModels=80 maxDepth=20 maxNodes=100 sampling=Disjoint aggregation=MajorityVote trainRows=10500000 testRows=500000 accuracy=0.65341 auc=0.696321290249867
RESULT label=8node numModels=80 maxDepth=20 maxNodes=100 sampling=Disjoint aggregation=MeanProbability trainRows=10500000 testRows=500000 accuracy=0.656826 auc=0.7143171791890145
RESULT label=8node numModels=80 maxDepth=20 maxNodes=100 sampling=SampledFraction(0.0125) aggregation=MajorityVote trainRows=10500000 testRows=500000 accuracy=0.654126 auc=0.693634953911097
RESULT label=8node numModels=80 maxDepth=20 maxNodes=100 sampling=SampledFraction(0.0125) aggregation=MeanProbability trainRows=10500000 testRows=500000 accuracy=0.65745 auc=0.714753301288624
SCALING label=8node mode=shared trainRows=10500000 sweepSize=48 trainingPasses=24 elapsedSeconds=354.68
