[scaling] label=6m mode=shared trainRows=5400000 testRows=600000 sweepSize=48 trainingPasses=24
RESULT label=6m numModels=10 maxDepth=5 maxNodes=20 sampling=Disjoint aggregation=MajorityVote trainRows=5400000 testRows=600000 accuracy=0.657035 auc=0.6753702237135812
RESULT label=6m numModels=10 maxDepth=5 maxNodes=20 sampling=Disjoint aggregation=MeanProbability trainRows=5400000 testRows=600000 accuracy=0.6585833333333333 auc=0.6945926904859969
RESULT label=6m numModels=10 maxDepth=5 maxNodes=20 sampling=SampledFraction(0.1) aggregation=MajorityVote trainRows=5400000 testRows=600000 accuracy=0.6571316666666667 auc=0.6736144589655538
RESULT label=6m numModels=10 maxDepth=5 maxNodes=20 sampling=SampledFraction(0.1) aggregation=MeanProbability trainRows=5400000 testRows=600000 accuracy=0.6593666666666667 auc=0.6927576689708922
RESULT label=6m numModels=10 maxDepth=10 maxNodes=50 sampling=Disjoint aggregation=MajorityVote trainRows=5400000 testRows=600000 accuracy=0.6730716666666666 auc=0.7088687544168681
RESULT label=6m numModels=10 maxDepth=10 maxNodes=50 sampling=Disjoint aggregation=MeanProbability trainRows=5400000 testRows=600000 accuracy=0.6734566666666667 auc=0.7346452250359534
RESULT label=6m numModels=10 maxDepth=10 maxNodes=50 sampling=SampledFraction(0.1) aggregation=MajorityVote trainRows=5400000 testRows=600000 accuracy=0.6728533333333333 auc=0.7104661620316314
RESULT label=6m numModels=10 maxDepth=10 maxNodes=50 sampling=SampledFraction(0.1) aggregation=MeanProbability trainRows=5400000 testRows=600000 accuracy=0.673455 auc=0.7350190994730457
RESULT label=6m numModels=10 maxDepth=20 maxNodes=100 sampling=Disjoint aggregation=MajorityVote trainRows=5400000 testRows=600000 accuracy=0.6541316666666667 auc=0.6819508167653562
RESULT label=6m numModels=10 maxDepth=20 maxNodes=100 sampling=Disjoint aggregation=MeanProbability trainRows=5400000 testRows=600000 accuracy=0.6561366666666667 auc=0.7049078165930984
RESULT label=6m numModels=10 maxDepth=20 maxNodes=100 sampling=SampledFraction(0.1) aggregation=MajorityVote trainRows=5400000 testRows=600000 accuracy=0.6537633333333334 auc=0.684488755015196
RESULT label=6m numModels=10 maxDepth=20 maxNodes=100 sampling=SampledFraction(0.1) aggregation=MeanProbability trainRows=5400000 testRows=600000 accuracy=0.6566816666666667 auc=0.704987441724696
RESULT label=6m numModels=20 maxDepth=5 maxNodes=20 sampling=Disjoint aggregation=MajorityVote trainRows=5400000 testRows=600000 accuracy=0.657745 auc=0.6850797612983939
RESULT label=6m numModels=20 maxDepth=5 maxNodes=20 sampling=Disjoint aggregation=MeanProbability trainRows=5400000 testRows=600000 accuracy=0.6601433333333333 auc=0.6973767404736199
RESULT label=6m numModels=20 maxDepth=5 maxNodes=20 sampling=SampledFraction(0.05) aggregation=MajorityVote trainRows=5400000 testRows=600000 accuracy=0.6575283333333334 auc=0.6847876622179816
RESULT label=6m numModels=20 maxDepth=5 maxNodes=20 sampling=SampledFraction(0.05) aggregation=MeanProbability trainRows=5400000 testRows=600000 accuracy=0.6605133333333333 auc=0.6987995252904489
RESULT label=6m numModels=20 maxDepth=10 maxNodes=50 sampling=Disjoint aggregation=MajorityVote trainRows=5400000 testRows=600000 accuracy=0.6603183333333333 auc=0.7116866883589814
RESULT label=6m numModels=20 maxDepth=10 maxNodes=50 sampling=Disjoint aggregation=MeanProbability trainRows=5400000 testRows=600000 accuracy=0.6722033333333334 auc=0.7355472335965727
RESULT label=6m numModels=20 maxDepth=10 maxNodes=50 sampling=SampledFraction(0.05) aggregation=MajorityVote trainRows=5400000 testRows=600000 accuracy=0.661505 auc=0.7242374547697235
RESULT label=6m numModels=20 maxDepth=10 maxNodes=50 sampling=SampledFraction(0.05) aggregation=MeanProbability trainRows=5400000 testRows=600000 accuracy=0.66111 auc=0.7357496689612415
RESULT label=6m numModels=20 maxDepth=20 maxNodes=100 sampling=Disjoint aggregation=MajorityVote trainRows=5400000 testRows=600000 accuracy=0.65421 auc=0.6853024281970836
RESULT label=6m numModels=20 maxDepth=20 maxNodes=100 sampling=Disjoint aggregation=MeanProbability trainRows=5400000 testRows=600000 accuracy=0.6562816666666667 auc=0.7056658129762554
RESULT label=6m numModels=20 maxDepth=20 maxNodes=100 sampling=SampledFraction(0.05) aggregation=MajorityVote trainRows=5400000 testRows=600000 accuracy=0.6532533333333334 auc=0.6819212321012676
RESULT label=6m numModels=20 maxDepth=20 maxNodes=100 sampling=SampledFraction(0.05) aggregation=MeanProbability trainRows=5400000 testRows=600000 accuracy=0.6563116666666666 auc=0.7045780568474957
RESULT label=6m numModels=40 maxDepth=5 maxNodes=20 sampling=Disjoint aggregation=MajorityVote trainRows=5400000 testRows=600000 accuracy=0.6583683333333333 auc=0.6891122862126315
RESULT label=6m numModels=40 maxDepth=5 maxNodes=20 sampling=Disjoint aggregation=MeanProbability trainRows=5400000 testRows=600000 accuracy=0.6619016666666667 auc=0.6993577978933379
RESULT label=6m numModels=40 maxDepth=5 maxNodes=20 sampling=SampledFraction(0.025) aggregation=MajorityVote trainRows=5400000 testRows=600000 accuracy=0.6582783333333333 auc=0.689568325313589
RESULT label=6m numModels=40 maxDepth=5 maxNodes=20 sampling=SampledFraction(0.025) aggregation=MeanProbability trainRows=5400000 testRows=600000 accuracy=0.66192 auc=0.7005250046593703
RESULT label=6m numModels=40 maxDepth=10 maxNodes=50 sampling=Disjoint aggregation=MajorityVote trainRows=5400000 testRows=600000 accuracy=0.65934 auc=0.7251059549777485
RESULT label=6m numModels=40 maxDepth=10 maxNodes=50 sampling=Disjoint aggregation=MeanProbability trainRows=5400000 testRows=600000 accuracy=0.661695 auc=0.7351005565525212
RESULT label=6m numModels=40 maxDepth=10 maxNodes=50 sampling=SampledFraction(0.025) aggregation=MajorityVote trainRows=5400000 testRows=600000 accuracy=0.660115 auc=0.7249304624960783
RESULT label=6m numModels=40 maxDepth=10 maxNodes=50 sampling=SampledFraction(0.025) aggregation=MeanProbability trainRows=5400000 testRows=600000 accuracy=0.6620983333333333 auc=0.7348072200371876
RESULT label=6m numModels=40 maxDepth=20 maxNodes=100 sampling=Disjoint aggregation=MajorityVote trainRows=5400000 testRows=600000 accuracy=0.6542683333333333 auc=0.6869899417657446
RESULT label=6m numModels=40 maxDepth=20 maxNodes=100 sampling=Disjoint aggregation=MeanProbability trainRows=5400000 testRows=600000 accuracy=0.6576216666666667 auc=0.7096529615038252
RESULT label=6m numModels=40 maxDepth=20 maxNodes=100 sampling=SampledFraction(0.025) aggregation=MajorityVote trainRows=5400000 testRows=600000 accuracy=0.6535383333333333 auc=0.690857206044893
RESULT label=6m numModels=40 maxDepth=20 maxNodes=100 sampling=SampledFraction(0.025) aggregation=MeanProbability trainRows=5400000 testRows=600000 accuracy=0.65683 auc=0.7129567828566097
RESULT label=6m numModels=80 maxDepth=5 maxNodes=20 sampling=Disjoint aggregation=MajorityVote trainRows=5400000 testRows=600000 accuracy=0.660125 auc=0.6946874965793648
RESULT label=6m numModels=80 maxDepth=5 maxNodes=20 sampling=Disjoint aggregation=MeanProbability trainRows=5400000 testRows=600000 accuracy=0.6633366666666667 auc=0.7029442476197962
RESULT label=6m numModels=80 maxDepth=5 maxNodes=20 sampling=SampledFraction(0.0125) aggregation=MajorityVote trainRows=5400000 testRows=600000 accuracy=0.6589983333333334 auc=0.6959657130727791
RESULT label=6m numModels=80 maxDepth=5 maxNodes=20 sampling=SampledFraction(0.0125) aggregation=MeanProbability trainRows=5400000 testRows=600000 accuracy=0.6630983333333333 auc=0.703763356911887
RESULT label=6m numModels=80 maxDepth=10 maxNodes=50 sampling=Disjoint aggregation=MajorityVote trainRows=5400000 testRows=600000 accuracy=0.660235 auc=0.722876483565693
RESULT label=6m numModels=80 maxDepth=10 maxNodes=50 sampling=Disjoint aggregation=MeanProbability trainRows=5400000 testRows=600000 accuracy=0.66223 auc=0.7377349176850492
RESULT label=6m numModels=80 maxDepth=10 maxNodes=50 sampling=SampledFraction(0.0125) aggregation=MajorityVote trainRows=5400000 testRows=600000 accuracy=0.6614433333333334 auc=0.7302640443662942
RESULT label=6m numModels=80 maxDepth=10 maxNodes=50 sampling=SampledFraction(0.0125) aggregation=MeanProbability trainRows=5400000 testRows=600000 accuracy=0.6638083333333333 auc=0.7401047722219202
RESULT label=6m numModels=80 maxDepth=20 maxNodes=100 sampling=Disjoint aggregation=MajorityVote trainRows=5400000 testRows=600000 accuracy=0.6549483333333334 auc=0.705088747203408
RESULT label=6m numModels=80 maxDepth=20 maxNodes=100 sampling=Disjoint aggregation=MeanProbability trainRows=5400000 testRows=600000 accuracy=0.659655 auc=0.7224820097430268
RESULT label=6m numModels=80 maxDepth=20 maxNodes=100 sampling=SampledFraction(0.0125) aggregation=MajorityVote trainRows=5400000 testRows=600000 accuracy=0.6550133333333333 auc=0.7105502718597759
RESULT label=6m numModels=80 maxDepth=20 maxNodes=100 sampling=SampledFraction(0.0125) aggregation=MeanProbability trainRows=5400000 testRows=600000 accuracy=0.659635 auc=0.7239445413341308
SCALING label=6m mode=shared trainRows=5400000 sweepSize=48 trainingPasses=24 elapsedSeconds=374.40
