[scaling] label=3m mode=shared trainRows=2700000 testRows=300000 sweepSize=48 trainingPasses=24
RESULT label=3m numModels=10 maxDepth=5 maxNodes=20 sampling=Disjoint aggregation=MajorityVote trainRows=2700000 testRows=300000 accuracy=0.65722 auc=0.6794327583536135
RESULT label=3m numModels=10 maxDepth=5 maxNodes=20 sampling=Disjoint aggregation=MeanProbability trainRows=2700000 testRows=300000 accuracy=0.66005 auc=0.6959299417782254
RESULT label=3m numModels=10 maxDepth=5 maxNodes=20 sampling=SampledFraction(0.1) aggregation=MajorityVote trainRows=2700000 testRows=300000 accuracy=0.65734 auc=0.67944212153466
RESULT label=3m numModels=10 maxDepth=5 maxNodes=20 sampling=SampledFraction(0.1) aggregation=MeanProbability trainRows=2700000 testRows=300000 accuracy=0.6607966666666667 auc=0.6971247799650725
RESULT label=3m numModels=10 maxDepth=10 maxNodes=50 sampling=Disjoint aggregation=MajorityVote trainRows=2700000 testRows=300000 accuracy=0.66036 auc=0.7104267479454522
RESULT label=3m numModels=10 maxDepth=10 maxNodes=50 sampling=Disjoint aggregation=MeanProbability trainRows=2700000 testRows=300000 accuracy=0.6717333333333333 auc=0.734045321478778
RESULT label=3m numModels=10 maxDepth=10 maxNodes=50 sampling=SampledFraction(0.1) aggregation=MajorityVote trainRows=2700000 testRows=300000 accuracy=0.66311 auc=0.7105983020667088
RESULT label=3m numModels=10 maxDepth=10 maxNodes=50 sampling=SampledFraction(0.1) aggregation=MeanProbability trainRows=2700000 testRows=300000 accuracy=0.67396 auc=0.7355686775584691
RESULT label=3m numModels=10 maxDepth=20 maxNodes=100 sampling=Disjoint aggregation=MajorityVote trainRows=2700000 testRows=300000 accuracy=0.6530666666666667 auc=0.6695989683840363
RESULT label=3m numModels=10 maxDepth=20 maxNodes=100 sampling=Disjoint aggregation=MeanProbability trainRows=2700000 testRows=300000 accuracy=0.65579 auc=0.6954227324141331
RESULT label=3m numModels=10 maxDepth=20 maxNodes=100 sampling=SampledFraction(0.1) aggregation=MajorityVote trainRows=2700000 testRows=300000 accuracy=0.6539633333333333 auc=0.6712717575221537
RESULT label=3m numModels=10 maxDepth=20 maxNodes=100 sampling=SampledFraction(0.1) aggregation=MeanProbability trainRows=2700000 testRows=300000 accuracy=0.6551433333333333 auc=0.6987325700049348
RESULT label=3m numModels=20 maxDepth=5 maxNodes=20 sampling=Disjoint aggregation=MajorityVote trainRows=2700000 testRows=300000 accuracy=0.65745 auc=0.6877245580267569
RESULT label=3m numModels=20 maxDepth=5 maxNodes=20 sampling=Disjoint aggregation=MeanProbability trainRows=2700000 testRows=300000 accuracy=0.66162 auc=0.7009051556579463
RESULT label=3m numModels=20 maxDepth=5 maxNodes=20 sampling=SampledFraction(0.05) aggregation=MajorityVote trainRows=2700000 testRows=300000 accuracy=0.6568266666666667 auc=0.682538049125766
RESULT label=3m numModels=20 maxDepth=5 maxNodes=20 sampling=SampledFraction(0.05) aggregation=MeanProbability trainRows=2700000 testRows=300000 accuracy=0.65996 auc=0.6972110286823062
RESULT label=3m numModels=20 maxDepth=10 maxNodes=50 sampling=Disjoint aggregation=MajorityVote trainRows=2700000 testRows=300000 accuracy=0.66147 auc=0.7147879126150389
RESULT label=3m numModels=20 maxDepth=10 maxNodes=50 sampling=Disjoint aggregation=MeanProbability trainRows=2700000 testRows=300000 accuracy=0.6646333333333333 auc=0.7378829033071963
RESULT label=3m numModels=20 maxDepth=10 maxNodes=50 sampling=SampledFraction(0.05) aggregation=MajorityVote trainRows=2700000 testRows=300000 accuracy=0.6617033333333333 auc=0.7175711123146861
RESULT label=3m numModels=20 maxDepth=10 maxNodes=50 sampling=SampledFraction(0.05) aggregation=MeanProbability trainRows=2700000 testRows=300000 accuracy=0.66284 auc=0.7362537987607197
RESULT label=3m numModels=20 maxDepth=20 maxNodes=100 sampling=Disjoint aggregation=MajorityVote trainRows=2700000 testRows=300000 accuracy=0.6536433333333334 auc=0.6884376485437671
RESULT label=3m numModels=20 maxDepth=20 maxNodes=100 sampling=Disjoint aggregation=MeanProbability trainRows=2700000 testRows=300000 accuracy=0.6571733333333334 auc=0.7092275756704809
RESULT label=3m numModels=20 maxDepth=20 maxNodes=100 sampling=SampledFraction(0.05) aggregation=MajorityVote trainRows=2700000 testRows=300000 accuracy=0.6541666666666667 auc=0.6843612429416083
RESULT label=3m numModels=20 maxDepth=20 maxNodes=100 sampling=SampledFraction(0.05) aggregation=MeanProbability trainRows=2700000 testRows=300000 accuracy=0.6574666666666666 auc=0.7069848043025769
RESULT label=3m numModels=40 maxDepth=5 maxNodes=20 sampling=Disjoint aggregation=MajorityVote trainRows=2700000 testRows=300000 accuracy=0.65834 auc=0.6932471571564174
RESULT label=3m numModels=40 maxDepth=5 maxNodes=20 sampling=Disjoint aggregation=MeanProbability trainRows=2700000 testRows=300000 accuracy=0.6627033333333333 auc=0.7034017205266802
RESULT label=3m numModels=40 maxDepth=5 maxNodes=20 sampling=SampledFraction(0.025) aggregation=MajorityVote trainRows=2700000 testRows=300000 accuracy=0.6579733333333333 auc=0.69233139955468
RESULT label=3m numModels=40 maxDepth=5 maxNodes=20 sampling=SampledFraction(0.025) aggregation=MeanProbability trainRows=2700000 testRows=300000 accuracy=0.6619033333333333 auc=0.7019017336320871
RESULT label=3m numModels=40 maxDepth=10 maxNodes=50 sampling=Disjoint aggregation=MajorityVote trainRows=2700000 testRows=300000 accuracy=0.66256 auc=0.7189974562481242
RESULT label=3m numModels=40 maxDepth=10 maxNodes=50 sampling=Disjoint aggregation=MeanProbability trainRows=2700000 testRows=300000 accuracy=0.66415 auc=0.7408342256450624
RESULT label=3m numModels=40 maxDepth=10 maxNodes=50 sampling=SampledFraction(0.025) aggregation=MajorityVote trainRows=2700000 testRows=300000 accuracy=0.6591466666666667 auc=0.7195449900771438
RESULT label=3m numModels=40 maxDepth=10 maxNodes=50 sampling=SampledFraction(0.025) aggregation=MeanProbability trainRows=2700000 testRows=300000 accuracy=0.6616533333333333 auc=0.7365111933357512
RESULT label=3m numModels=40 maxDepth=20 maxNodes=100 sampling=Disjoint aggregation=MajorityVote trainRows=2700000 testRows=300000 accuracy=0.6556933333333334 auc=0.7056822477995026
RESULT label=3m numModels=40 maxDepth=20 maxNodes=100 sampling=Disjoint aggregation=MeanProbability trainRows=2700000 testRows=300000 accuracy=0.65983 auc=0.7234864338351512
RESULT label=3m numModels=40 maxDepth=20 maxNodes=100 sampling=SampledFraction(0.025) aggregation=MajorityVote trainRows=2700000 testRows=300000 accuracy=0.6545933333333334 auc=0.6954960862918363
RESULT label=3m numModels=40 maxDepth=20 maxNodes=100 sampling=SampledFraction(0.025) aggregation=MeanProbability trainRows=2700000 testRows=300000 accuracy=0.6588633333333334 auc=0.7160705217130215
RESULT label=3m numModels=80 maxDepth=5 maxNodes=20 sampling=Disjoint aggregation=MajorityVote trainRows=2700000 testRows=300000 accuracy=0.6601566666666666 auc=0.6982348142273856
RESULT label=3m numModels=80 maxDepth=5 maxNodes=20 sampling=Disjoint aggregation=MeanProbability trainRows=2700000 testRows=300000 accuracy=0.66376 auc=0.7052733092099729
RESULT label=3m numModels=80 maxDepth=5 maxNodes=20 sampling=SampledFraction(0.0125) aggregation=MajorityVote trainRows=2700000 testRows=300000 accuracy=0.66038 auc=0.7060210330175803
RESULT label=3m numModels=80 maxDepth=5 maxNodes=20 sampling=SampledFraction(0.0125) aggregation=MeanProbability trainRows=2700000 testRows=300000 accuracy=0.6633233333333334 auc=0.7085129326236521
RESULT label=3m numModels=80 maxDepth=10 maxNodes=50 sampling=Disjoint aggregation=MajorityVote trainRows=2700000 testRows=300000 accuracy=0.6638066666666667 auc=0.7285954939556443
RESULT label=3m numModels=80 maxDepth=10 maxNodes=50 sampling=Disjoint aggregation=MeanProbability trainRows=2700000 testRows=300000 accuracy=0.66537 auc=0.7400958113953071
RESULT label=3m numModels=80 maxDepth=10 maxNodes=50 sampling=SampledFraction(0.0125) aggregation=MajorityVote trainRows=2700000 testRows=300000 accuracy=0.65964 auc=0.7286345605060487
RESULT label=3m numModels=80 maxDepth=10 maxNodes=50 sampling=SampledFraction(0.0125) aggregation=MeanProbability trainRows=2700000 testRows=300000 accuracy=0.6643133333333333 auc=0.739703624455756
RESULT label=3m numModels=80 maxDepth=20 maxNodes=100 sampling=Disjoint aggregation=MajorityVote trainRows=2700000 testRows=300000 accuracy=0.6567566666666667 auc=0.7186723045937884
RESULT label=3m numModels=80 maxDepth=20 maxNodes=100 sampling=Disjoint aggregation=MeanProbability trainRows=2700000 testRows=300000 accuracy=0.66251 auc=0.7302938153190266
RESULT label=3m numModels=80 maxDepth=20 maxNodes=100 sampling=SampledFraction(0.0125) aggregation=MajorityVote trainRows=2700000 testRows=300000 accuracy=0.6560466666666667 auc=0.713534410250289
RESULT label=3m numModels=80 maxDepth=20 maxNodes=100 sampling=SampledFraction(0.0125) aggregation=MeanProbability trainRows=2700000 testRows=300000 accuracy=0.6617133333333334 auc=0.7305759960787997
SCALING label=3m mode=shared trainRows=2700000 sweepSize=48 trainingPasses=24 elapsedSeconds=212.94
