[scaling] label=2node mode=shared trainRows=10500000 testRows=500000 sweepSize=48 trainingPasses=24
RESULT label=2node numModels=10 maxDepth=5 maxNodes=20 sampling=Disjoint aggregation=MajorityVote trainRows=10500000 testRows=500000 accuracy=0.656532 auc=0.6621000196219584
RESULT label=2node numModels=10 maxDepth=5 maxNodes=20 sampling=Disjoint aggregation=MeanProbability trainRows=10500000 testRows=500000 accuracy=0.657986 auc=0.6901243429706768
RESULT label=2node numModels=10 maxDepth=5 maxNodes=20 sampling=SampledFraction(0.1) aggregation=MajorityVote trainRows=10500000 testRows=500000 accuracy=0.65683 auc=0.6741625382752257
RESULT label=2node numModels=10 maxDepth=5 maxNodes=20 sampling=SampledFraction(0.1) aggregation=MeanProbability trainRows=10500000 testRows=500000 accuracy=0.659052 auc=0.6915248725903356
RESULT label=2node numModels=10 maxDepth=10 maxNodes=50 sampling=Disjoint aggregation=MajorityVote trainRows=10500000 testRows=500000 accuracy=0.674312 auc=0.7127209792507132
RESULT label=2node numModels=10 maxDepth=10 maxNodes=50 sampling=Disjoint aggregation=MeanProbability trainRows=10500000 testRows=500000 accuracy=0.673908 auc=0.7307996595208692
RESULT label=2node numModels=10 maxDepth=10 maxNodes=50 sampling=SampledFraction(0.1) aggregation=MajorityVote trainRows=10500000 testRows=500000 accuracy=0.673262 auc=0.707818329577563
RESULT label=2node numModels=10 maxDepth=10 maxNodes=50 sampling=SampledFraction(0.1) aggregation=MeanProbability trainRows=10500000 testRows=500000 accuracy=0.673168 auc=0.7333694025248748
RESULT label=2node numModels=10 maxDepth=20 maxNodes=100 sampling=Disjoint aggregation=MajorityVote trainRows=10500000 testRows=500000 accuracy=0.65255 auc=0.6766724419292526
RESULT label=2node numModels=10 maxDepth=20 maxNodes=100 sampling=Disjoint aggregation=MeanProbability trainRows=10500000 testRows=500000 accuracy=0.653922 auc=0.6958487387072606
RESULT label=2node numModels=10 maxDepth=20 maxNodes=100 sampling=SampledFraction(0.1) aggregation=MajorityVote trainRows=10500000 testRows=500000 accuracy=0.65314 auc=0.6675727255041854
RESULT label=2node numModels=10 maxDepth=20 maxNodes=100 sampling=SampledFraction(0.1) aggregation=MeanProbability trainRows=10500000 testRows=500000 accuracy=0.654356 auc=0.6921016445008501
RESULT label=2node numModels=20 maxDepth=5 maxNodes=20 sampling=Disjoint aggregation=MajorityVote trainRows=10500000 testRows=500000 accuracy=0.657178 auc=0.680594388876341
RESULT label=2node numModels=20 maxDepth=5 maxNodes=20 sampling=Disjoint aggregation=MeanProbability trainRows=10500000 testRows=500000 accuracy=0.659548 auc=0.6954175230006964
RESULT label=2node numModels=20 maxDepth=5 maxNodes=20 sampling=SampledFraction(0.05) aggregation=MajorityVote trainRows=10500000 testRows=500000 accuracy=0.65726 auc=0.6786755993867655
RESULT label=2node numModels=20 maxDepth=5 maxNodes=20 sampling=SampledFraction(0.05) aggregation=MeanProbability trainRows=10500000 testRows=500000 accuracy=0.65919 auc=0.6961614505578587
RESULT label=2node numModels=20 maxDepth=10 maxNodes=50 sampling=Disjoint aggregation=MajorityVote trainRows=10500000 testRows=500000 accuracy=0.660526 auc=0.6977784595574461
RESULT label=2node numModels=20 maxDepth=10 maxNodes=50 sampling=Disjoint aggregation=MeanProbability trainRows=10500000 testRows=500000 accuracy=0.674818 auc=0.7318381849904947
RESULT label=2node numModels=20 maxDepth=10 maxNodes=50 sampling=SampledFraction(0.05) aggregation=MajorityVote trainRows=10500000 testRows=500000 accuracy=0.671808 auc=0.7114683816750498
RESULT label=2node numModels=20 maxDepth=10 maxNodes=50 sampling=SampledFraction(0.05) aggregation=MeanProbability trainRows=10500000 testRows=500000 accuracy=0.671934 auc=0.7347526445167895
RESULT label=2node numModels=20 maxDepth=20 maxNodes=100 sampling=Disjoint aggregation=MajorityVote trainRows=10500000 testRows=500000 accuracy=0.653124 auc=0.6795140320701993
RESULT label=2node numModels=20 maxDepth=20 maxNodes=100 sampling=Disjoint aggregation=MeanProbability trainRows=10500000 testRows=500000 accuracy=0.654246 auc=0.697645813448999
RESULT label=2node numModels=20 maxDepth=20 maxNodes=100 sampling=SampledFraction(0.05) aggregation=MajorityVote trainRows=10500000 testRows=500000 accuracy=0.653312 auc=0.6798872007901177
RESULT label=2node numModels=20 maxDepth=20 maxNodes=100 sampling=SampledFraction(0.05) aggregation=MeanProbability trainRows=10500000 testRows=500000 accuracy=0.654846 auc=0.7027942688030281
RESULT label=2node numModels=40 maxDepth=5 maxNodes=20 sampling=Disjoint aggregation=MajorityVote trainRows=10500000 testRows=500000 accuracy=0.657568 auc=0.6852555516751071
RESULT label=2node numModels=40 maxDepth=5 maxNodes=20 sampling=Disjoint aggregation=MeanProbability trainRows=10500000 testRows=500000 accuracy=0.660794 auc=0.6978345906447816
RESULT label=2node numModels=40 maxDepth=5 maxNodes=20 sampling=SampledFraction(0.025) aggregation=MajorityVote trainRows=10500000 testRows=500000 accuracy=0.656852 auc=0.6863929203423691
RESULT label=2node numModels=40 maxDepth=5 maxNodes=20 sampling=SampledFraction(0.025) aggregation=MeanProbability trainRows=10500000 testRows=500000 accuracy=0.660038 auc=0.6979796076812212
RESULT label=2node numModels=40 maxDepth=10 maxNodes=50 sampling=Disjoint aggregation=MajorityVote trainRows=10500000 testRows=500000 accuracy=0.660042 auc=0.7142681437304262
RESULT label=2node numModels=40 maxDepth=10 maxNodes=50 sampling=Disjoint aggregation=MeanProbability trainRows=10500000 testRows=500000 accuracy=0.672426 auc=0.7343444278778097
RESULT label=2node numModels=40 maxDepth=10 maxNodes=50 sampling=SampledFraction(0.025) aggregation=MajorityVote trainRows=10500000 testRows=500000 accuracy=0.660572 auc=0.7252552203347619
RESULT label=2node numModels=40 maxDepth=10 maxNodes=50 sampling=SampledFraction(0.025) aggregation=MeanProbability trainRows=10500000 testRows=500000 accuracy=0.671766 auc=0.7352918337972385
RESULT label=2node numModels=40 maxDepth=20 maxNodes=100 sampling=Disjoint aggregation=MajorityVote trainRows=10500000 testRows=500000 accuracy=0.6532 auc=0.6840364429527445
RESULT label=2node numModels=40 maxDepth=20 maxNodes=100 sampling=Disjoint aggregation=MeanProbability trainRows=10500000 testRows=500000 accuracy=0.656446 auc=0.7033281683917703
RESULT label=2node numModels=40 maxDepth=20 maxNodes=100 sampling=SampledFraction(0.025) aggregation=MajorityVote trainRows=10500000 testRows=500000 accuracy=0.65288 auc=0.6826077011516519
RESULT label=2node numModels=40 maxDepth=20 maxNodes=100 sampling=SampledFraction(0.025) aggregation=MeanProbability trainRows=10500000 testRows=500000 accuracy=0.656052 auc=0.7021248220813697
RESULT label=2node numModels=80 maxDepth=5 maxNodes=20 sampling=Disjoint aggregation=MajorityVote trainRows=10500000 testRows=500000 accuracy=0.658034 auc=0.6919172344824395
RESULT label=2node numModels=80 maxDepth=5 maxNodes=20 sampling=Disjoint aggregation=MeanProbability trainRows=10500000 testRows=500000 accuracy=0.661826 auc=0.7007553172739732
RESULT label=2node numModels=80 maxDepth=5 maxNodes=20 sampling=SampledFraction(0.0125) aggregation=MajorityVote trainRows=10500000 testRows=500000 accuracy=0.658456 auc=0.6926434184204218
RESULT label=2node numModels=80 maxDepth=5 maxNodes=20 sampling=SampledFraction(0.0125) aggregation=MeanProbability trainRows=10500000 testRows=500000 accuracy=0.661884 auc=0.7014986676235333
RESULT label=2node numModels=80 maxDepth=10 maxNodes=50 sampling=Disjoint aggregation=MajorityVote trainRows=10500000 testRows=500000 accuracy=0.658968 auc=0.7279809163353053
RESULT label=2node numModels=80 maxDepth=10 maxNodes=50 sampling=Disjoint aggregation=MeanProbability trainRows=10500000 testRows=500000 accuracy=0.661174 auc=0.7362648105159137
RESULT label=2node numModels=80 maxDepth=10 maxNodes=50 sampling=SampledFraction(0.0125) aggregation=MajorityVote trainRows=10500000 testRows=500000 accuracy=0.660744 auc=0.7280137517322558
RESULT label=2node numModels=80 maxDepth=10 maxNodes=50 sampling=SampledFraction(0.0125) aggregation=MeanProbability trainRows=10500000 testRows=500000 accuracy=0.666642 auc=0.7371635873852325
RESULT label=2node numModels=80 maxDepth=20 maxNodes=100 sampling=Disjoint aggregation=MajorityVote trainRows=10500000 testRows=500000 accuracy=0.65358 auc=0.7040873647548003
RESULT label=2node numModels=80 maxDepth=20 maxNodes=100 sampling=Disjoint aggregation=MeanProbability trainRows=10500000 testRows=500000 accuracy=0.656674 auc=0.7191286696905532
RESULT label=2node numModels=80 maxDepth=20 maxNodes=100 sampling=SampledFraction(0.0125) aggregation=MajorityVote trainRows=10500000 testRows=500000 accuracy=0.65369 auc=0.706414596715791
RESULT label=2node numModels=80 maxDepth=20 maxNodes=100 sampling=SampledFraction(0.0125) aggregation=MeanProbability trainRows=10500000 testRows=500000 accuracy=0.657752 auc=0.7193765275616703
SCALING label=2node mode=shared trainRows=10500000 sweepSize=48 trainingPasses=24 elapsedSeconds=994.12
