[scaling] label=4node mode=shared trainRows=10500000 testRows=500000 sweepSize=48 trainingPasses=24
RESULT label=4node numModels=10 maxDepth=5 maxNodes=20 sampling=Disjoint aggregation=MajorityVote trainRows=10500000 testRows=500000 accuracy=0.65659 auc=0.6727698091698391
RESULT label=4node numModels=10 maxDepth=5 maxNodes=20 sampling=Disjoint aggregation=MeanProbability trainRows=10500000 testRows=500000 accuracy=0.65826 auc=0.6917433276227778
RESULT label=4node numModels=10 maxDepth=5 maxNodes=20 sampling=SampledFraction(0.1) aggregation=MajorityVote trainRows=10500000 testRows=500000 accuracy=0.65701 auc=0.6637795411808854
RESULT label=4node numModels=10 maxDepth=5 maxNodes=20 sampling=SampledFraction(0.1) aggregation=MeanProbability trainRows=10500000 testRows=500000 accuracy=0.658264 auc=0.6911445294724342
RESULT label=4node numModels=10 maxDepth=10 maxNodes=50 sampling=Disjoint aggregation=MajorityVote trainRows=10500000 testRows=500000 accuracy=0.674364 auc=0.7052421612258132
RESULT label=4node numModels=10 maxDepth=10 maxNodes=50 sampling=Disjoint aggregation=MeanProbability trainRows=10500000 testRows=500000 accuracy=0.673922 auc=0.7312936505034042
RESULT label=4node numModels=10 maxDepth=10 maxNodes=50 sampling=SampledFraction(0.1) aggregation=MajorityVote trainRows=10500000 testRows=500000 accuracy=0.67376 auc=0.7049454762858098
RESULT label=4node numModels=10 maxDepth=10 maxNodes=50 sampling=SampledFraction(0.1) aggregation=MeanProbability trainRows=10500000 testRows=500000 accuracy=0.673516 auc=0.7299498311533321
RESULT label=4node numModels=10 maxDepth=20 maxNodes=100 sampling=Disjoint aggregation=MajorityVote trainRows=10500000 testRows=500000 accuracy=0.652566 auc=0.6798761319265001
RESULT label=4node numModels=10 maxDepth=20 maxNodes=100 sampling=Disjoint aggregation=MeanProbability trainRows=10500000 testRows=500000 accuracy=0.654948 auc=0.7023831250998949
RESULT label=4node numModels=10 maxDepth=20 maxNodes=100 sampling=SampledFraction(0.1) aggregation=MajorityVote trainRows=10500000 testRows=500000 accuracy=0.652762 auc=0.6672575869703407
RESULT label=4node numModels=10 maxDepth=20 maxNodes=100 sampling=SampledFraction(0.1) aggregation=MeanProbability trainRows=10500000 testRows=500000 accuracy=0.654518 auc=0.6892045002473847
RESULT label=4node numModels=20 maxDepth=5 maxNodes=20 sampling=Disjoint aggregation=MajorityVote trainRows=10500000 testRows=500000 accuracy=0.656716 auc=0.6742668641343479
RESULT label=4node numModels=20 maxDepth=5 maxNodes=20 sampling=Disjoint aggregation=MeanProbability trainRows=10500000 testRows=500000 accuracy=0.659018 auc=0.6952299767417843
RESULT label=4node numModels=20 maxDepth=5 maxNodes=20 sampling=SampledFraction(0.05) aggregation=MajorityVote trainRows=10500000 testRows=500000 accuracy=0.657062 auc=0.6771016318304255
RESULT label=4node numModels=20 maxDepth=5 maxNodes=20 sampling=SampledFraction(0.05) aggregation=MeanProbability trainRows=10500000 testRows=500000 accuracy=0.65934 auc=0.692132159998121
RESULT label=4node numModels=20 maxDepth=10 maxNodes=50 sampling=Disjoint aggregation=MajorityVote trainRows=10500000 testRows=500000 accuracy=0.672044 auc=0.6971458209940129
RESULT label=4node numModels=20 maxDepth=10 maxNodes=50 sampling=Disjoint aggregation=MeanProbability trainRows=10500000 testRows=500000 accuracy=0.675682 auc=0.733571571285388
RESULT label=4node numModels=20 maxDepth=10 maxNodes=50 sampling=SampledFraction(0.05) aggregation=MajorityVote trainRows=10500000 testRows=500000 accuracy=0.673018 auc=0.7153325750153762
RESULT label=4node numModels=20 maxDepth=10 maxNodes=50 sampling=SampledFraction(0.05) aggregation=MeanProbability trainRows=10500000 testRows=500000 accuracy=0.672818 auc=0.7353946636188304
RESULT label=4node numModels=20 maxDepth=20 maxNodes=100 sampling=Disjoint aggregation=MajorityVote trainRows=10500000 testRows=500000 accuracy=0.652802 auc=0.6779959117574221
RESULT label=4node numModels=20 maxDepth=20 maxNodes=100 sampling=Disjoint aggregation=MeanProbability trainRows=10500000 testRows=500000 accuracy=0.652352 auc=0.6970352572584073
RESULT label=4node numModels=20 maxDepth=20 maxNodes=100 sampling=SampledFraction(0.05) aggregation=MajorityVote trainRows=10500000 testRows=500000 accuracy=0.652832 auc=0.6824542815657378
RESULT label=4node numModels=20 maxDepth=20 maxNodes=100 sampling=SampledFraction(0.05) aggregation=MeanProbability trainRows=10500000 testRows=500000 accuracy=0.655694 auc=0.7002999857715251
RESULT label=4node numModels=40 maxDepth=5 maxNodes=20 sampling=Disjoint aggregation=MajorityVote trainRows=10500000 testRows=500000 accuracy=0.657716 auc=0.6840142284790849
RESULT label=4node numModels=40 maxDepth=5 maxNodes=20 sampling=Disjoint aggregation=MeanProbability trainRows=10500000 testRows=500000 accuracy=0.660546 auc=0.696699791590045
RESULT label=4node numModels=40 maxDepth=5 maxNodes=20 sampling=SampledFraction(0.025) aggregation=MajorityVote trainRows=10500000 testRows=500000 accuracy=0.657432 auc=0.684300304030638
RESULT label=4node numModels=40 maxDepth=5 maxNodes=20 sampling=SampledFraction(0.025) aggregation=MeanProbability trainRows=10500000 testRows=500000 accuracy=0.660606 auc=0.6974445357368673
RESULT label=4node numModels=40 maxDepth=10 maxNodes=50 sampling=Disjoint aggregation=MajorityVote trainRows=10500000 testRows=500000 accuracy=0.659438 auc=0.7145802456793342
RESULT label=4node numModels=40 maxDepth=10 maxNodes=50 sampling=Disjoint aggregation=MeanProbability trainRows=10500000 testRows=500000 accuracy=0.671358 auc=0.7335394989378152
RESULT label=4node numModels=40 maxDepth=10 maxNodes=50 sampling=SampledFraction(0.025) aggregation=MajorityVote trainRows=10500000 testRows=500000 accuracy=0.661008 auc=0.7151196758830315
RESULT label=4node numModels=40 maxDepth=10 maxNodes=50 sampling=SampledFraction(0.025) aggregation=MeanProbability trainRows=10500000 testRows=500000 accuracy=0.672548 auc=0.7355816164876507
RESULT label=4node numModels=40 maxDepth=20 maxNodes=100 sampling=Disjoint aggregation=MajorityVote trainRows=10500000 testRows=500000 accuracy=0.65338 auc=0.684473088430699
RESULT label=4node numModels=40 maxDepth=20 maxNodes=100 sampling=Disjoint aggregation=MeanProbability trainRows=10500000 testRows=500000 accuracy=0.656116 auc=0.7061661170549544
RESULT label=4node numModels=40 maxDepth=20 maxNodes=100 sampling=SampledFraction(0.025) aggregation=MajorityVote trainRows=10500000 testRows=500000 accuracy=0.65298 auc=0.6834688454146244
RESULT label=4node numModels=40 maxDepth=20 maxNodes=100 sampling=SampledFraction(0.025) aggregation=MeanProbability trainRows=10500000 testRows=500000 accuracy=0.656452 auc=0.7076753551952472
RESULT label=4node numModels=80 maxDepth=5 maxNodes=20 sampling=Disjoint aggregation=MajorityVote trainRows=10500000 testRows=500000 accuracy=0.658066 auc=0.6921999339699451
RESULT label=4node numModels=80 maxDepth=5 maxNodes=20 sampling=Disjoint aggregation=MeanProbability trainRows=10500000 testRows=500000 accuracy=0.661364 auc=0.7006689788149012
RESULT label=4node numModels=80 maxDepth=5 maxNodes=20 sampling=SampledFraction(0.0125) aggregation=MajorityVote trainRows=10500000 testRows=500000 accuracy=0.65815 auc=0.6917431927847447
RESULT label=4node numModels=80 maxDepth=5 maxNodes=20 sampling=SampledFraction(0.0125) aggregation=MeanProbability trainRows=10500000 testRows=500000 accuracy=0.6622 auc=0.7006260665185233
RESULT label=4node numModels=80 maxDepth=10 maxNodes=50 sampling=Disjoint aggregation=MajorityVote trainRows=10500000 testRows=500000 accuracy=0.658982 auc=0.7258219495570464
RESULT label=4node numModels=80 maxDepth=10 maxNodes=50 sampling=Disjoint aggregation=MeanProbability trainRows=10500000 testRows=500000 accuracy=0.66116 auc=0.7344428221638475
RESULT label=4node numModels=80 maxDepth=10 maxNodes=50 sampling=SampledFraction(0.0125) aggregation=MajorityVote trainRows=10500000 testRows=500000 accuracy=0.66073 auc=0.7236322792884973
RESULT label=4node numModels=80 maxDepth=10 maxNodes=50 sampling=SampledFraction(0.0125) aggregation=MeanProbability trainRows=10500000 testRows=500000 accuracy=0.66575 auc=0.7368644971620423
RESULT label=4node numModels=80 maxDepth=20 maxNodes=100 sampling=Disjoint aggregation=MajorityVote trainRows=10500000 testRows=500000 accuracy=0.653404 auc=0.6963545698706298
RESULT label=4node numModels=80 maxDepth=20 maxNodes=100 sampling=Disjoint aggregation=MeanProbability trainRows=10500000 testRows=500000 accuracy=0.656732 auc=0.7143032463215826
RESULT label=4node numModels=80 maxDepth=20 maxNodes=100 sampling=SampledFraction(0.0125) aggregation=MajorityVote trainRows=10500000 testRows=500000 accuracy=0.65377 auc=0.6937445035921272
RESULT label=4node numModels=80 maxDepth=20 maxNodes=100 sampling=SampledFraction(0.0125) aggregation=MeanProbability trainRows=10500000 testRows=500000 accuracy=0.657642 auc=0.713572945183965
SCALING label=4node mode=shared trainRows=10500000 sweepSize=48 trainingPasses=24 elapsedSeconds=543.19
