[scaling] label=1m mode=shared trainRows=900000 testRows=100000 sweepSize=48 trainingPasses=24
RESULT label=1m numModels=10 maxDepth=5 maxNodes=20 sampling=Disjoint aggregation=MajorityVote trainRows=900000 testRows=100000 accuracy=0.65572 auc=0.6809183199264764
RESULT label=1m numModels=10 maxDepth=5 maxNodes=20 sampling=Disjoint aggregation=MeanProbability trainRows=900000 testRows=100000 accuracy=0.65851 auc=0.6947763731059372
RESULT label=1m numModels=10 maxDepth=5 maxNodes=20 sampling=SampledFraction(0.1) aggregation=MajorityVote trainRows=900000 testRows=100000 accuracy=0.65547 auc=0.6851772428489048
RESULT label=1m numModels=10 maxDepth=5 maxNodes=20 sampling=SampledFraction(0.1) aggregation=MeanProbability trainRows=900000 testRows=100000 accuracy=0.65951 auc=0.6977021884655464
RESULT label=1m numModels=10 maxDepth=10 maxNodes=50 sampling=Disjoint aggregation=MajorityVote trainRows=900000 testRows=100000 accuracy=0.65676 auc=0.7077153459686883
RESULT label=1m numModels=10 maxDepth=10 maxNodes=50 sampling=Disjoint aggregation=MeanProbability trainRows=900000 testRows=100000 accuracy=0.66082 auc=0.7267427776687352
RESULT label=1m numModels=10 maxDepth=10 maxNodes=50 sampling=SampledFraction(0.1) aggregation=MajorityVote trainRows=900000 testRows=100000 accuracy=0.66106 auc=0.6961193862761663
RESULT label=1m numModels=10 maxDepth=10 maxNodes=50 sampling=SampledFraction(0.1) aggregation=MeanProbability trainRows=900000 testRows=100000 accuracy=0.66029 auc=0.728755649333698
RESULT label=1m numModels=10 maxDepth=20 maxNodes=100 sampling=Disjoint aggregation=MajorityVote trainRows=900000 testRows=100000 accuracy=0.65214 auc=0.6878615813472603
RESULT label=1m numModels=10 maxDepth=20 maxNodes=100 sampling=Disjoint aggregation=MeanProbability trainRows=900000 testRows=100000 accuracy=0.65601 auc=0.7100811613380298
RESULT label=1m numModels=10 maxDepth=20 maxNodes=100 sampling=SampledFraction(0.1) aggregation=MajorityVote trainRows=900000 testRows=100000 accuracy=0.65082 auc=0.6882361383445716
RESULT label=1m numModels=10 maxDepth=20 maxNodes=100 sampling=SampledFraction(0.1) aggregation=MeanProbability trainRows=900000 testRows=100000 accuracy=0.65317 auc=0.7120053196044994
RESULT label=1m numModels=20 maxDepth=5 maxNodes=20 sampling=Disjoint aggregation=MajorityVote trainRows=900000 testRows=100000 accuracy=0.65731 auc=0.691176117965887
RESULT label=1m numModels=20 maxDepth=5 maxNodes=20 sampling=Disjoint aggregation=MeanProbability trainRows=900000 testRows=100000 accuracy=0.66025 auc=0.7004828720909381
RESULT label=1m numModels=20 maxDepth=5 maxNodes=20 sampling=SampledFraction(0.05) aggregation=MajorityVote trainRows=900000 testRows=100000 accuracy=0.65785 auc=0.6940852821718988
RESULT label=1m numModels=20 maxDepth=5 maxNodes=20 sampling=SampledFraction(0.05) aggregation=MeanProbability trainRows=900000 testRows=100000 accuracy=0.65991 auc=0.7004298163896135
RESULT label=1m numModels=20 maxDepth=10 maxNodes=50 sampling=Disjoint aggregation=MajorityVote trainRows=900000 testRows=100000 accuracy=0.65958 auc=0.7112189327479943
RESULT label=1m numModels=20 maxDepth=10 maxNodes=50 sampling=Disjoint aggregation=MeanProbability trainRows=900000 testRows=100000 accuracy=0.66397 auc=0.7335909292773919
RESULT label=1m numModels=20 maxDepth=10 maxNodes=50 sampling=SampledFraction(0.05) aggregation=MajorityVote trainRows=900000 testRows=100000 accuracy=0.65642 auc=0.7071761945526007
RESULT label=1m numModels=20 maxDepth=10 maxNodes=50 sampling=SampledFraction(0.05) aggregation=MeanProbability trainRows=900000 testRows=100000 accuracy=0.66022 auc=0.7303275228107136
RESULT label=1m numModels=20 maxDepth=20 maxNodes=100 sampling=Disjoint aggregation=MajorityVote trainRows=900000 testRows=100000 accuracy=0.65447 auc=0.7029406743529449
RESULT label=1m numModels=20 maxDepth=20 maxNodes=100 sampling=Disjoint aggregation=MeanProbability trainRows=900000 testRows=100000 accuracy=0.6573 auc=0.7213750659562901
RESULT label=1m numModels=20 maxDepth=20 maxNodes=100 sampling=SampledFraction(0.05) aggregation=MajorityVote trainRows=900000 testRows=100000 accuracy=0.65176 auc=0.6927117446974701
RESULT label=1m numModels=20 maxDepth=20 maxNodes=100 sampling=SampledFraction(0.05) aggregation=MeanProbability trainRows=900000 testRows=100000 accuracy=0.65751 auc=0.717081341805634
RESULT label=1m numModels=40 maxDepth=5 maxNodes=20 sampling=Disjoint aggregation=MajorityVote trainRows=900000 testRows=100000 accuracy=0.65855 auc=0.7010641659549893
RESULT label=1m numModels=40 maxDepth=5 maxNodes=20 sampling=Disjoint aggregation=MeanProbability trainRows=900000 testRows=100000 accuracy=0.66191 auc=0.7051648942852974
RESULT label=1m numModels=40 maxDepth=5 maxNodes=20 sampling=SampledFraction(0.025) aggregation=MajorityVote trainRows=900000 testRows=100000 accuracy=0.65983 auc=0.7022478138649287
RESULT label=1m numModels=40 maxDepth=5 maxNodes=20 sampling=SampledFraction(0.025) aggregation=MeanProbability trainRows=900000 testRows=100000 accuracy=0.66238 auc=0.7036443414874288
RESULT label=1m numModels=40 maxDepth=10 maxNodes=50 sampling=Disjoint aggregation=MajorityVote trainRows=900000 testRows=100000 accuracy=0.65675 auc=0.7219457728121831
RESULT label=1m numModels=40 maxDepth=10 maxNodes=50 sampling=Disjoint aggregation=MeanProbability trainRows=900000 testRows=100000 accuracy=0.66275 auc=0.7334621583887327
RESULT label=1m numModels=40 maxDepth=10 maxNodes=50 sampling=SampledFraction(0.025) aggregation=MajorityVote trainRows=900000 testRows=100000 accuracy=0.65659 auc=0.7199684187095285
RESULT label=1m numModels=40 maxDepth=10 maxNodes=50 sampling=SampledFraction(0.025) aggregation=MeanProbability trainRows=900000 testRows=100000 accuracy=0.66387 auc=0.7325753165187094
RESULT label=1m numModels=40 maxDepth=20 maxNodes=100 sampling=Disjoint aggregation=MajorityVote trainRows=900000 testRows=100000 accuracy=0.65417 auc=0.7054840476196588
RESULT label=1m numModels=40 maxDepth=20 maxNodes=100 sampling=Disjoint aggregation=MeanProbability trainRows=900000 testRows=100000 accuracy=0.6608 auc=0.7291750629382916
RESULT label=1m numModels=40 maxDepth=20 maxNodes=100 sampling=SampledFraction(0.025) aggregation=MajorityVote trainRows=900000 testRows=100000 accuracy=0.65393 auc=0.7134153836925516
RESULT label=1m numModels=40 maxDepth=20 maxNodes=100 sampling=SampledFraction(0.025) aggregation=MeanProbability trainRows=900000 testRows=100000 accuracy=0.66151 auc=0.7275859446417956
RESULT label=1m numModels=80 maxDepth=5 maxNodes=20 sampling=Disjoint aggregation=MajorityVote trainRows=900000 testRows=100000 accuracy=0.66074 auc=0.7203261008996089
RESULT label=1m numModels=80 maxDepth=5 maxNodes=20 sampling=Disjoint aggregation=MeanProbability trainRows=900000 testRows=100000 accuracy=0.66481 auc=0.7227393653711824
RESULT label=1m numModels=80 maxDepth=5 maxNodes=20 sampling=SampledFraction(0.0125) aggregation=MajorityVote trainRows=900000 testRows=100000 accuracy=0.66062 auc=0.7113441960490031
RESULT label=1m numModels=80 maxDepth=5 maxNodes=20 sampling=SampledFraction(0.0125) aggregation=MeanProbability trainRows=900000 testRows=100000 accuracy=0.66415 auc=0.7184256563428788
RESULT label=1m numModels=80 maxDepth=10 maxNodes=50 sampling=Disjoint aggregation=MajorityVote trainRows=900000 testRows=100000 accuracy=0.65246 auc=0.7235406310165801
RESULT label=1m numModels=80 maxDepth=10 maxNodes=50 sampling=Disjoint aggregation=MeanProbability trainRows=900000 testRows=100000 accuracy=0.66713 auc=0.7351511924405302
RESULT label=1m numModels=80 maxDepth=10 maxNodes=50 sampling=SampledFraction(0.0125) aggregation=MajorityVote trainRows=900000 testRows=100000 accuracy=0.65295 auc=0.7235442964065246
RESULT label=1m numModels=80 maxDepth=10 maxNodes=50 sampling=SampledFraction(0.0125) aggregation=MeanProbability trainRows=900000 testRows=100000 accuracy=0.66305 auc=0.7348953268608697
RESULT label=1m numModels=80 maxDepth=20 maxNodes=100 sampling=Disjoint aggregation=MajorityVote trainRows=900000 testRows=100000 accuracy=0.65163 auc=0.7224605752940281
RESULT label=1m numModels=80 maxDepth=20 maxNodes=100 sampling=Disjoint aggregation=MeanProbability trainRows=900000 testRows=100000 accuracy=0.66739 auc=0.735479284090373
RESULT label=1m numModels=80 maxDepth=20 maxNodes=100 sampling=SampledFraction(0.0125) aggregation=MajorityVote trainRows=900000 testRows=100000 accuracy=0.65134 auc=0.7211193425191559
RESULT label=1m numModels=80 maxDepth=20 maxNodes=100 sampling=SampledFraction(0.0125) aggregation=MeanProbability trainRows=900000 testRows=100000 accuracy=0.66451 auc=0.7377100142708333
SCALING label=1m mode=shared trainRows=900000 sweepSize=48 trainingPasses=24 elapsedSeconds=70.77
