2026-08-09 23:12:04,161 WARN util.Utils: Your hostname, Rudys-MacBook-Pro.local resolves to a loopback address: 127.0.0.1; using 10.0.0.215 instead (on interface en0)
2026-08-09 23:12:04,162 WARN util.Utils: Set SPARK_LOCAL_IP if you need to bind to another address
2026-08-09 23:12:04,419 INFO spark.SparkContext: Running Spark version 3.3.2
2026-08-09 23:12:04,490 WARN util.NativeCodeLoader: Unable to load native-hadoop library for your platform... using builtin-java classes where applicable
2026-08-09 23:12:04,527 INFO resource.ResourceUtils: ==============================================================
2026-08-09 23:12:04,527 INFO resource.ResourceUtils: No custom resources configured for spark.driver.
2026-08-09 23:12:04,527 INFO resource.ResourceUtils: ==============================================================
2026-08-09 23:12:04,528 INFO spark.SparkContext: Submitted application: ToolchainSmokeTest
2026-08-09 23:12:04,539 INFO resource.ResourceProfile: Default ResourceProfile created, executor resources: Map(cores -> name: cores, amount: 1, script: , vendor: , memory -> name: memory, amount: 1024, script: , vendor: , offHeap -> name: offHeap, amount: 0, script: , vendor: ), task resources: Map(cpus -> name: cpus, amount: 1.0)
2026-08-09 23:12:04,547 INFO resource.ResourceProfile: Limiting resource is cpu
2026-08-09 23:12:04,547 INFO resource.ResourceProfileManager: Added ResourceProfile id: 0
2026-08-09 23:12:04,579 INFO spark.SecurityManager: Changing view acls to: rudybanerjee
2026-08-09 23:12:04,579 INFO spark.SecurityManager: Changing modify acls to: rudybanerjee
2026-08-09 23:12:04,580 INFO spark.SecurityManager: Changing view acls groups to: 
2026-08-09 23:12:04,580 INFO spark.SecurityManager: Changing modify acls groups to: 
2026-08-09 23:12:04,580 INFO spark.SecurityManager: SecurityManager: authentication disabled; ui acls disabled; users  with view permissions: Set(rudybanerjee); groups with view permissions: Set(); users  with modify permissions: Set(rudybanerjee); groups with modify permissions: Set()
2026-08-09 23:12:04,719 INFO util.Utils: Successfully started service 'sparkDriver' on port 64232.
2026-08-09 23:12:04,737 INFO spark.SparkEnv: Registering MapOutputTracker
2026-08-09 23:12:04,757 INFO spark.SparkEnv: Registering BlockManagerMaster
2026-08-09 23:12:04,767 INFO storage.BlockManagerMasterEndpoint: Using org.apache.spark.storage.DefaultTopologyMapper for getting topology information
2026-08-09 23:12:04,767 INFO storage.BlockManagerMasterEndpoint: BlockManagerMasterEndpoint up
2026-08-09 23:12:04,769 INFO spark.SparkEnv: Registering BlockManagerMasterHeartbeat
2026-08-09 23:12:04,782 INFO storage.DiskBlockManager: Created local directory at /private/var/folders/01/7kzv0jfn5b53d16tqv0sk5r80000gn/T/blockmgr-b0d199f7-1bd6-4372-8c9c-ffebfea4c9c4
2026-08-09 23:12:04,791 INFO memory.MemoryStore: MemoryStore started with capacity 434.4 MiB
2026-08-09 23:12:04,799 INFO spark.SparkEnv: Registering OutputCommitCoordinator
2026-08-09 23:12:04,826 INFO util.log: Logging initialized @1650ms to org.sparkproject.jetty.util.log.Slf4jLog
2026-08-09 23:12:04,896 INFO server.Server: jetty-9.4.48.v20220622; built: 2022-06-21T20:42:25.880Z; git: 6b67c5719d1f4371b33655ff2d047d24e171e49a; jvm 11.0.23+7-LTS-222
2026-08-09 23:12:04,906 INFO server.Server: Started @1730ms
2026-08-09 23:12:04,926 INFO server.AbstractConnector: Started ServerConnector@fc807c1{HTTP/1.1, (http/1.1)}{0.0.0.0:4040}
2026-08-09 23:12:04,927 INFO util.Utils: Successfully started service 'SparkUI' on port 4040.
2026-08-09 23:12:04,944 INFO handler.ContextHandler: Started o.s.j.s.ServletContextHandler@176996c3{/,null,AVAILABLE,@Spark}
2026-08-09 23:12:04,954 INFO spark.SparkContext: Added JAR file:/Users/rudybanerjee/northeastern_work/CS6240/project/ensemble.jar at spark://10.0.0.215:64232/jars/ensemble.jar with timestamp 1786331524414
2026-08-09 23:12:05,101 INFO executor.Executor: Starting executor ID driver on host 10.0.0.215
2026-08-09 23:12:05,104 INFO executor.Executor: Starting executor with user classpath (userClassPathFirst = false): ''
2026-08-09 23:12:05,110 INFO executor.Executor: Fetching spark://10.0.0.215:64232/jars/ensemble.jar with timestamp 1786331524414
2026-08-09 23:12:05,138 INFO client.TransportClientFactory: Successfully created connection to /10.0.0.215:64232 after 15 ms (0 ms spent in bootstraps)
2026-08-09 23:12:05,142 INFO util.Utils: Fetching spark://10.0.0.215:64232/jars/ensemble.jar to /private/var/folders/01/7kzv0jfn5b53d16tqv0sk5r80000gn/T/spark-1c41b15c-9fb7-49c6-af50-dbb01e0000c7/userFiles-12c02d62-dd3d-4d68-a439-ccc29ed4c371/fetchFileTemp9788928736698345344.tmp
2026-08-09 23:12:05,173 INFO executor.Executor: Adding file:/private/var/folders/01/7kzv0jfn5b53d16tqv0sk5r80000gn/T/spark-1c41b15c-9fb7-49c6-af50-dbb01e0000c7/userFiles-12c02d62-dd3d-4d68-a439-ccc29ed4c371/ensemble.jar to class loader
2026-08-09 23:12:05,177 INFO util.Utils: Successfully started service 'org.apache.spark.network.netty.NettyBlockTransferService' on port 64234.
2026-08-09 23:12:05,177 INFO netty.NettyBlockTransferService: Server created on 10.0.0.215:64234
2026-08-09 23:12:05,178 INFO storage.BlockManager: Using org.apache.spark.storage.RandomBlockReplicationPolicy for block replication policy
2026-08-09 23:12:05,181 INFO storage.BlockManagerMaster: Registering BlockManager BlockManagerId(driver, 10.0.0.215, 64234, None)
2026-08-09 23:12:05,183 INFO storage.BlockManagerMasterEndpoint: Registering block manager 10.0.0.215:64234 with 434.4 MiB RAM, BlockManagerId(driver, 10.0.0.215, 64234, None)
2026-08-09 23:12:05,185 INFO storage.BlockManagerMaster: Registered BlockManager BlockManagerId(driver, 10.0.0.215, 64234, None)
2026-08-09 23:12:05,185 INFO storage.BlockManager: Initialized BlockManager: BlockManagerId(driver, 10.0.0.215, 64234, None)
2026-08-09 23:12:05,284 INFO handler.ContextHandler: Stopped o.s.j.s.ServletContextHandler@176996c3{/,null,STOPPED,@Spark}
2026-08-09 23:12:05,285 INFO handler.ContextHandler: Started o.s.j.s.ServletContextHandler@57a6a933{/jobs,null,AVAILABLE,@Spark}
2026-08-09 23:12:05,285 INFO handler.ContextHandler: Started o.s.j.s.ServletContextHandler@1934ad7c{/jobs/json,null,AVAILABLE,@Spark}
2026-08-09 23:12:05,286 INFO handler.ContextHandler: Started o.s.j.s.ServletContextHandler@f1266c6{/jobs/job,null,AVAILABLE,@Spark}
2026-08-09 23:12:05,286 INFO handler.ContextHandler: Started o.s.j.s.ServletContextHandler@3e8799f{/jobs/job/json,null,AVAILABLE,@Spark}
2026-08-09 23:12:05,286 INFO handler.ContextHandler: Started o.s.j.s.ServletContextHandler@270d43a7{/stages,null,AVAILABLE,@Spark}
2026-08-09 23:12:05,287 INFO handler.ContextHandler: Started o.s.j.s.ServletContextHandler@41ccb3b9{/stages/json,null,AVAILABLE,@Spark}
2026-08-09 23:12:05,287 INFO handler.ContextHandler: Started o.s.j.s.ServletContextHandler@5d5a51b1{/stages/stage,null,AVAILABLE,@Spark}
2026-08-09 23:12:05,288 INFO handler.ContextHandler: Started o.s.j.s.ServletContextHandler@50ab56e2{/stages/stage/json,null,AVAILABLE,@Spark}
2026-08-09 23:12:05,288 INFO handler.ContextHandler: Started o.s.j.s.ServletContextHandler@74834afd{/stages/pool,null,AVAILABLE,@Spark}
2026-08-09 23:12:05,288 INFO handler.ContextHandler: Started o.s.j.s.ServletContextHandler@d499c13{/stages/pool/json,null,AVAILABLE,@Spark}
2026-08-09 23:12:05,288 INFO handler.ContextHandler: Started o.s.j.s.ServletContextHandler@42d6c12d{/storage,null,AVAILABLE,@Spark}
2026-08-09 23:12:05,289 INFO handler.ContextHandler: Started o.s.j.s.ServletContextHandler@7a2ab862{/storage/json,null,AVAILABLE,@Spark}
2026-08-09 23:12:05,289 INFO handler.ContextHandler: Started o.s.j.s.ServletContextHandler@4733f6f5{/storage/rdd,null,AVAILABLE,@Spark}
2026-08-09 23:12:05,289 INFO handler.ContextHandler: Started o.s.j.s.ServletContextHandler@438c9aa7{/storage/rdd/json,null,AVAILABLE,@Spark}
2026-08-09 23:12:05,290 INFO handler.ContextHandler: Started o.s.j.s.ServletContextHandler@6c8f60f3{/environment,null,AVAILABLE,@Spark}
2026-08-09 23:12:05,290 INFO handler.ContextHandler: Started o.s.j.s.ServletContextHandler@71b6172c{/environment/json,null,AVAILABLE,@Spark}
2026-08-09 23:12:05,290 INFO handler.ContextHandler: Started o.s.j.s.ServletContextHandler@4fb56bea{/executors,null,AVAILABLE,@Spark}
2026-08-09 23:12:05,291 INFO handler.ContextHandler: Started o.s.j.s.ServletContextHandler@1f95881a{/executors/json,null,AVAILABLE,@Spark}
2026-08-09 23:12:05,291 INFO handler.ContextHandler: Started o.s.j.s.ServletContextHandler@733ec58b{/executors/threadDump,null,AVAILABLE,@Spark}
2026-08-09 23:12:05,292 INFO handler.ContextHandler: Started o.s.j.s.ServletContextHandler@415ef4d8{/executors/threadDump/json,null,AVAILABLE,@Spark}
2026-08-09 23:12:05,296 INFO handler.ContextHandler: Started o.s.j.s.ServletContextHandler@535b1ae6{/static,null,AVAILABLE,@Spark}
2026-08-09 23:12:05,297 INFO handler.ContextHandler: Started o.s.j.s.ServletContextHandler@ef718de{/,null,AVAILABLE,@Spark}
2026-08-09 23:12:05,298 INFO handler.ContextHandler: Started o.s.j.s.ServletContextHandler@2e1b374c{/api,null,AVAILABLE,@Spark}
2026-08-09 23:12:05,298 INFO handler.ContextHandler: Started o.s.j.s.ServletContextHandler@21c747a{/jobs/job/kill,null,AVAILABLE,@Spark}
2026-08-09 23:12:05,298 INFO handler.ContextHandler: Started o.s.j.s.ServletContextHandler@29f38091{/stages/stage/kill,null,AVAILABLE,@Spark}
2026-08-09 23:12:05,301 INFO handler.ContextHandler: Started o.s.j.s.ServletContextHandler@7c369270{/metrics/json,null,AVAILABLE,@Spark}
2026-08-09 23:12:05,547 INFO spark.SparkContext: Starting job: sum at ToolchainSmokeTest.scala:26
2026-08-09 23:12:05,555 INFO scheduler.DAGScheduler: Got job 0 (sum at ToolchainSmokeTest.scala:26) with 8 output partitions
2026-08-09 23:12:05,555 INFO scheduler.DAGScheduler: Final stage: ResultStage 0 (sum at ToolchainSmokeTest.scala:26)
2026-08-09 23:12:05,555 INFO scheduler.DAGScheduler: Parents of final stage: List()
2026-08-09 23:12:05,556 INFO scheduler.DAGScheduler: Missing parents: List()
2026-08-09 23:12:05,558 INFO scheduler.DAGScheduler: Submitting ResultStage 0 (MapPartitionsRDD[2] at numericRDDToDoubleRDDFunctions at ToolchainSmokeTest.scala:26), which has no missing parents
2026-08-09 23:12:05,614 INFO memory.MemoryStore: Block broadcast_0 stored as values in memory (estimated size 4.7 KiB, free 434.4 MiB)
2026-08-09 23:12:05,840 INFO memory.MemoryStore: Block broadcast_0_piece0 stored as bytes in memory (estimated size 2.6 KiB, free 434.4 MiB)
2026-08-09 23:12:05,842 INFO storage.BlockManagerInfo: Added broadcast_0_piece0 in memory on 10.0.0.215:64234 (size: 2.6 KiB, free: 434.4 MiB)
2026-08-09 23:12:05,844 INFO spark.SparkContext: Created broadcast 0 from broadcast at DAGScheduler.scala:1513
2026-08-09 23:12:05,853 INFO scheduler.DAGScheduler: Submitting 8 missing tasks from ResultStage 0 (MapPartitionsRDD[2] at numericRDDToDoubleRDDFunctions at ToolchainSmokeTest.scala:26) (first 15 tasks are for partitions Vector(0, 1, 2, 3, 4, 5, 6, 7))
2026-08-09 23:12:05,853 INFO scheduler.TaskSchedulerImpl: Adding task set 0.0 with 8 tasks resource profile 0
2026-08-09 23:12:05,888 INFO scheduler.TaskSetManager: Starting task 0.0 in stage 0.0 (TID 0) (10.0.0.215, executor driver, partition 0, PROCESS_LOCAL, 4578 bytes) taskResourceAssignments Map()
2026-08-09 23:12:05,890 INFO scheduler.TaskSetManager: Starting task 1.0 in stage 0.0 (TID 1) (10.0.0.215, executor driver, partition 1, PROCESS_LOCAL, 4578 bytes) taskResourceAssignments Map()
2026-08-09 23:12:05,890 INFO scheduler.TaskSetManager: Starting task 2.0 in stage 0.0 (TID 2) (10.0.0.215, executor driver, partition 2, PROCESS_LOCAL, 4578 bytes) taskResourceAssignments Map()
2026-08-09 23:12:05,891 INFO scheduler.TaskSetManager: Starting task 3.0 in stage 0.0 (TID 3) (10.0.0.215, executor driver, partition 3, PROCESS_LOCAL, 4578 bytes) taskResourceAssignments Map()
2026-08-09 23:12:05,891 INFO scheduler.TaskSetManager: Starting task 4.0 in stage 0.0 (TID 4) (10.0.0.215, executor driver, partition 4, PROCESS_LOCAL, 4578 bytes) taskResourceAssignments Map()
2026-08-09 23:12:05,891 INFO scheduler.TaskSetManager: Starting task 5.0 in stage 0.0 (TID 5) (10.0.0.215, executor driver, partition 5, PROCESS_LOCAL, 4578 bytes) taskResourceAssignments Map()
2026-08-09 23:12:05,891 INFO scheduler.TaskSetManager: Starting task 6.0 in stage 0.0 (TID 6) (10.0.0.215, executor driver, partition 6, PROCESS_LOCAL, 4578 bytes) taskResourceAssignments Map()
2026-08-09 23:12:05,891 INFO scheduler.TaskSetManager: Starting task 7.0 in stage 0.0 (TID 7) (10.0.0.215, executor driver, partition 7, PROCESS_LOCAL, 4578 bytes) taskResourceAssignments Map()
2026-08-09 23:12:05,898 INFO executor.Executor: Running task 0.0 in stage 0.0 (TID 0)
2026-08-09 23:12:05,898 INFO executor.Executor: Running task 4.0 in stage 0.0 (TID 4)
2026-08-09 23:12:05,898 INFO executor.Executor: Running task 2.0 in stage 0.0 (TID 2)
2026-08-09 23:12:05,898 INFO executor.Executor: Running task 3.0 in stage 0.0 (TID 3)
2026-08-09 23:12:05,898 INFO executor.Executor: Running task 1.0 in stage 0.0 (TID 1)
2026-08-09 23:12:05,898 INFO executor.Executor: Running task 6.0 in stage 0.0 (TID 6)
2026-08-09 23:12:05,898 INFO executor.Executor: Running task 5.0 in stage 0.0 (TID 5)
2026-08-09 23:12:05,898 INFO executor.Executor: Running task 7.0 in stage 0.0 (TID 7)
2026-08-09 23:12:05,968 INFO executor.Executor: Finished task 2.0 in stage 0.0 (TID 2). 928 bytes result sent to driver
2026-08-09 23:12:05,968 INFO executor.Executor: Finished task 3.0 in stage 0.0 (TID 3). 928 bytes result sent to driver
2026-08-09 23:12:05,968 INFO executor.Executor: Finished task 5.0 in stage 0.0 (TID 5). 928 bytes result sent to driver
2026-08-09 23:12:05,968 INFO executor.Executor: Finished task 7.0 in stage 0.0 (TID 7). 928 bytes result sent to driver
2026-08-09 23:12:05,968 INFO executor.Executor: Finished task 1.0 in stage 0.0 (TID 1). 928 bytes result sent to driver
2026-08-09 23:12:05,968 INFO executor.Executor: Finished task 0.0 in stage 0.0 (TID 0). 928 bytes result sent to driver
2026-08-09 23:12:05,968 INFO executor.Executor: Finished task 4.0 in stage 0.0 (TID 4). 928 bytes result sent to driver
2026-08-09 23:12:05,969 INFO executor.Executor: Finished task 6.0 in stage 0.0 (TID 6). 928 bytes result sent to driver
2026-08-09 23:12:05,973 INFO scheduler.TaskSetManager: Finished task 2.0 in stage 0.0 (TID 2) in 83 ms on 10.0.0.215 (executor driver) (1/8)
2026-08-09 23:12:05,974 INFO scheduler.TaskSetManager: Finished task 5.0 in stage 0.0 (TID 5) in 83 ms on 10.0.0.215 (executor driver) (2/8)
2026-08-09 23:12:05,974 INFO scheduler.TaskSetManager: Finished task 3.0 in stage 0.0 (TID 3) in 84 ms on 10.0.0.215 (executor driver) (3/8)
2026-08-09 23:12:05,975 INFO scheduler.TaskSetManager: Finished task 7.0 in stage 0.0 (TID 7) in 84 ms on 10.0.0.215 (executor driver) (4/8)
2026-08-09 23:12:05,975 INFO scheduler.TaskSetManager: Finished task 1.0 in stage 0.0 (TID 1) in 85 ms on 10.0.0.215 (executor driver) (5/8)
2026-08-09 23:12:05,975 INFO scheduler.TaskSetManager: Finished task 0.0 in stage 0.0 (TID 0) in 101 ms on 10.0.0.215 (executor driver) (6/8)
2026-08-09 23:12:05,976 INFO scheduler.TaskSetManager: Finished task 4.0 in stage 0.0 (TID 4) in 85 ms on 10.0.0.215 (executor driver) (7/8)
2026-08-09 23:12:05,976 INFO scheduler.TaskSetManager: Finished task 6.0 in stage 0.0 (TID 6) in 85 ms on 10.0.0.215 (executor driver) (8/8)
2026-08-09 23:12:05,976 INFO scheduler.TaskSchedulerImpl: Removed TaskSet 0.0, whose tasks have all completed, from pool 
2026-08-09 23:12:05,979 INFO scheduler.DAGScheduler: ResultStage 0 (sum at ToolchainSmokeTest.scala:26) finished in 0.414 s
2026-08-09 23:12:05,981 INFO scheduler.DAGScheduler: Job 0 is finished. Cancelling potential speculative or zombie tasks for this job
2026-08-09 23:12:05,981 INFO scheduler.TaskSchedulerImpl: Killing all running tasks in stage 0: Stage finished
2026-08-09 23:12:05,982 INFO scheduler.DAGScheduler: Job 0 finished: sum at ToolchainSmokeTest.scala:26, took 0.434385 s
[spark] sum of 1..1000 via RDD = 500500 (expected 500500)
2026-08-09 23:12:05,987 INFO server.AbstractConnector: Stopped Spark@fc807c1{HTTP/1.1, (http/1.1)}{0.0.0.0:4040}
2026-08-09 23:12:05,989 INFO ui.SparkUI: Stopped Spark web UI at http://10.0.0.215:4040
2026-08-09 23:12:05,994 INFO spark.MapOutputTrackerMasterEndpoint: MapOutputTrackerMasterEndpoint stopped!
2026-08-09 23:12:06,002 INFO memory.MemoryStore: MemoryStore cleared
2026-08-09 23:12:06,002 INFO storage.BlockManager: BlockManager stopped
2026-08-09 23:12:06,005 INFO storage.BlockManagerMaster: BlockManagerMaster stopped
2026-08-09 23:12:06,006 INFO scheduler.OutputCommitCoordinator$OutputCommitCoordinatorEndpoint: OutputCommitCoordinator stopped!
2026-08-09 23:12:06,011 INFO spark.SparkContext: Successfully stopped SparkContext
2026-08-09 23:12:06,056 INFO classification.RandomForest: Decision tree OOB accuracy: 100.00%
2026-08-09 23:12:06,056 INFO classification.RandomForest: Decision tree OOB accuracy: 100.00%
2026-08-09 23:12:06,056 INFO classification.RandomForest: Decision tree OOB accuracy: 100.00%
2026-08-09 23:12:06,056 INFO classification.RandomForest: Decision tree OOB accuracy: 100.00%
2026-08-09 23:12:06,056 INFO classification.RandomForest: Decision tree OOB accuracy: 100.00%
2026-08-09 23:12:06,056 INFO classification.RandomForest: Decision tree OOB accuracy: 100.00%
2026-08-09 23:12:06,056 INFO classification.RandomForest: Decision tree OOB accuracy: 100.00%
2026-08-09 23:12:06,056 INFO classification.RandomForest: Decision tree OOB accuracy: 100.00%
2026-08-09 23:12:06,056 INFO classification.RandomForest: Decision tree OOB accuracy: 100.00%
2026-08-09 23:12:06,056 INFO classification.RandomForest: Decision tree OOB accuracy: 100.00%
2026-08-09 23:12:06,057 INFO classification.RandomForest: Decision tree OOB accuracy: 100.00%
2026-08-09 23:12:06,057 INFO classification.RandomForest: Decision tree OOB accuracy: 100.00%
2026-08-09 23:12:06,057 INFO classification.RandomForest: Decision tree OOB accuracy: 100.00%
2026-08-09 23:12:06,057 INFO classification.RandomForest: Decision tree OOB accuracy: 100.00%
2026-08-09 23:12:06,057 INFO classification.RandomForest: Decision tree OOB accuracy: 100.00%
2026-08-09 23:12:06,057 INFO classification.RandomForest: Decision tree OOB accuracy: 100.00%
2026-08-09 23:12:06,057 INFO classification.RandomForest: Decision tree OOB accuracy: 100.00%
2026-08-09 23:12:06,057 INFO classification.RandomForest: Decision tree OOB accuracy: 100.00%
2026-08-09 23:12:06,057 INFO classification.RandomForest: Decision tree OOB accuracy: 100.00%
2026-08-09 23:12:06,057 INFO classification.RandomForest: Decision tree OOB accuracy: 100.00%
2026-08-09 23:12:06,058 INFO classification.RandomForest: Decision tree OOB accuracy: 100.00%
2026-08-09 23:12:06,058 INFO classification.RandomForest: Decision tree OOB accuracy: 100.00%
2026-08-09 23:12:06,057 INFO classification.RandomForest: Decision tree OOB accuracy: 100.00%
2026-08-09 23:12:06,058 INFO classification.RandomForest: Decision tree OOB accuracy: 100.00%
2026-08-09 23:12:06,058 INFO classification.RandomForest: Decision tree OOB accuracy: 100.00%
2026-08-09 23:12:06,058 INFO classification.RandomForest: Decision tree OOB accuracy: 100.00%
2026-08-09 23:12:06,058 INFO classification.RandomForest: Decision tree OOB accuracy: 100.00%
2026-08-09 23:12:06,058 INFO classification.RandomForest: Decision tree OOB accuracy: 100.00%
2026-08-09 23:12:06,058 INFO classification.RandomForest: Decision tree OOB accuracy: 100.00%
2026-08-09 23:12:06,058 INFO classification.RandomForest: Decision tree OOB accuracy: 100.00%
2026-08-09 23:12:06,058 INFO classification.RandomForest: Decision tree OOB accuracy: 100.00%
2026-08-09 23:12:06,058 INFO classification.RandomForest: Decision tree OOB accuracy: 100.00%
2026-08-09 23:12:06,058 INFO classification.RandomForest: Decision tree OOB accuracy: 100.00%
2026-08-09 23:12:06,058 INFO classification.RandomForest: Decision tree OOB accuracy: 100.00%
2026-08-09 23:12:06,058 INFO classification.RandomForest: Decision tree OOB accuracy: 100.00%
2026-08-09 23:12:06,058 INFO classification.RandomForest: Decision tree OOB accuracy: 100.00%
2026-08-09 23:12:06,058 INFO classification.RandomForest: Decision tree OOB accuracy: 100.00%
2026-08-09 23:12:06,058 INFO classification.RandomForest: Decision tree OOB accuracy: 100.00%
2026-08-09 23:12:06,058 INFO classification.RandomForest: Decision tree OOB accuracy: 100.00%
2026-08-09 23:12:06,058 INFO classification.RandomForest: Decision tree OOB accuracy: 100.00%
2026-08-09 23:12:06,059 INFO classification.RandomForest: Decision tree OOB accuracy: 100.00%
2026-08-09 23:12:06,059 INFO classification.RandomForest: Decision tree OOB accuracy: 100.00%
2026-08-09 23:12:06,058 INFO classification.RandomForest: Decision tree OOB accuracy: 100.00%
2026-08-09 23:12:06,059 INFO classification.RandomForest: Decision tree OOB accuracy: 100.00%
2026-08-09 23:12:06,059 INFO classification.RandomForest: Decision tree OOB accuracy: 100.00%
2026-08-09 23:12:06,059 INFO classification.RandomForest: Decision tree OOB accuracy: 100.00%
2026-08-09 23:12:06,058 INFO classification.RandomForest: Decision tree OOB accuracy: 100.00%
2026-08-09 23:12:06,059 INFO classification.RandomForest: Decision tree OOB accuracy: 100.00%
2026-08-09 23:12:06,059 INFO classification.RandomForest: Decision tree OOB accuracy: 100.00%
2026-08-09 23:12:06,059 INFO classification.RandomForest: Decision tree OOB accuracy: 100.00%
2026-08-09 23:12:06,059 INFO classification.RandomForest: Decision tree OOB accuracy: 100.00%
2026-08-09 23:12:06,059 INFO classification.RandomForest: Decision tree OOB accuracy: 100.00%
2026-08-09 23:12:06,059 INFO classification.RandomForest: Decision tree OOB accuracy: 100.00%
2026-08-09 23:12:06,059 INFO classification.RandomForest: Decision tree OOB accuracy: 100.00%
2026-08-09 23:12:06,059 INFO classification.RandomForest: Decision tree OOB accuracy: 100.00%
2026-08-09 23:12:06,059 INFO classification.RandomForest: Decision tree OOB accuracy: 100.00%
2026-08-09 23:12:06,059 INFO classification.RandomForest: Decision tree OOB accuracy: 100.00%
2026-08-09 23:12:06,059 INFO classification.RandomForest: Decision tree OOB accuracy: 100.00%
2026-08-09 23:12:06,059 INFO classification.RandomForest: Decision tree OOB accuracy: 100.00%
2026-08-09 23:12:06,059 INFO classification.RandomForest: Decision tree OOB accuracy: 100.00%
2026-08-09 23:12:06,059 INFO classification.RandomForest: Decision tree OOB accuracy: 100.00%
2026-08-09 23:12:06,059 INFO classification.RandomForest: Decision tree OOB accuracy: 100.00%
2026-08-09 23:12:06,060 INFO classification.RandomForest: Decision tree OOB accuracy: 100.00%
2026-08-09 23:12:06,059 INFO classification.RandomForest: Decision tree OOB accuracy: 100.00%
2026-08-09 23:12:06,060 INFO classification.RandomForest: Decision tree OOB accuracy: 100.00%
2026-08-09 23:12:06,060 INFO classification.RandomForest: Decision tree OOB accuracy: 100.00%
2026-08-09 23:12:06,060 INFO classification.RandomForest: Decision tree OOB accuracy: 100.00%
2026-08-09 23:12:06,060 INFO classification.RandomForest: Decision tree OOB accuracy: 100.00%
2026-08-09 23:12:06,060 INFO classification.RandomForest: Decision tree OOB accuracy: 100.00%
2026-08-09 23:12:06,061 INFO classification.RandomForest: Decision tree OOB accuracy: 100.00%
2026-08-09 23:12:06,061 INFO classification.RandomForest: Decision tree OOB accuracy: 100.00%
2026-08-09 23:12:06,060 INFO classification.RandomForest: Decision tree OOB accuracy: 100.00%
2026-08-09 23:12:06,060 INFO classification.RandomForest: Decision tree OOB accuracy: 100.00%
2026-08-09 23:12:06,061 INFO classification.RandomForest: Decision tree OOB accuracy: 100.00%
2026-08-09 23:12:06,061 INFO classification.RandomForest: Decision tree OOB accuracy: 100.00%
2026-08-09 23:12:06,061 INFO classification.RandomForest: Decision tree OOB accuracy: 100.00%
2026-08-09 23:12:06,061 INFO classification.RandomForest: Decision tree OOB accuracy: 100.00%
2026-08-09 23:12:06,061 INFO classification.RandomForest: Decision tree OOB accuracy: 100.00%
2026-08-09 23:12:06,061 INFO classification.RandomForest: Decision tree OOB accuracy: 100.00%
2026-08-09 23:12:06,061 INFO classification.RandomForest: Decision tree OOB accuracy: 100.00%
2026-08-09 23:12:06,061 INFO classification.RandomForest: Decision tree OOB accuracy: 100.00%
2026-08-09 23:12:06,061 INFO classification.RandomForest: Decision tree OOB accuracy: 100.00%
2026-08-09 23:12:06,061 INFO classification.RandomForest: Decision tree OOB accuracy: 100.00%
2026-08-09 23:12:06,061 INFO classification.RandomForest: Decision tree OOB accuracy: 100.00%
2026-08-09 23:12:06,061 INFO classification.RandomForest: Decision tree OOB accuracy: 100.00%
2026-08-09 23:12:06,061 INFO classification.RandomForest: Decision tree OOB accuracy: 100.00%
2026-08-09 23:12:06,061 INFO classification.RandomForest: Decision tree OOB accuracy: 100.00%
2026-08-09 23:12:06,061 INFO classification.RandomForest: Decision tree OOB accuracy: 100.00%
2026-08-09 23:12:06,061 INFO classification.RandomForest: Decision tree OOB accuracy: 100.00%
2026-08-09 23:12:06,061 INFO classification.RandomForest: Decision tree OOB accuracy: 100.00%
2026-08-09 23:12:06,061 INFO classification.RandomForest: Decision tree OOB accuracy: 100.00%
2026-08-09 23:12:06,062 INFO classification.RandomForest: Decision tree OOB accuracy: 100.00%
2026-08-09 23:12:06,062 INFO classification.RandomForest: Decision tree OOB accuracy: 100.00%
2026-08-09 23:12:06,062 INFO classification.RandomForest: Decision tree OOB accuracy: 100.00%
2026-08-09 23:12:06,062 INFO classification.RandomForest: Decision tree OOB accuracy: 100.00%
2026-08-09 23:12:06,062 INFO classification.RandomForest: Decision tree OOB accuracy: 100.00%
2026-08-09 23:12:06,062 INFO classification.RandomForest: Decision tree OOB accuracy: 100.00%
2026-08-09 23:12:06,062 INFO classification.RandomForest: Decision tree OOB accuracy: 100.00%
2026-08-09 23:12:06,062 INFO classification.RandomForest: Decision tree OOB accuracy: 100.00%
2026-08-09 23:12:06,062 INFO classification.RandomForest: Decision tree OOB accuracy: 100.00%
2026-08-09 23:12:06,062 INFO classification.RandomForest: Decision tree OOB accuracy: 100.00%
2026-08-09 23:12:06,062 INFO classification.RandomForest: Decision tree OOB accuracy: 100.00%
2026-08-09 23:12:06,062 INFO classification.RandomForest: Decision tree OOB accuracy: 100.00%
2026-08-09 23:12:06,062 INFO classification.RandomForest: Decision tree OOB accuracy: 100.00%
2026-08-09 23:12:06,062 INFO classification.RandomForest: Decision tree OOB accuracy: 100.00%
2026-08-09 23:12:06,062 INFO classification.RandomForest: Decision tree OOB accuracy: 100.00%
2026-08-09 23:12:06,062 INFO classification.RandomForest: Decision tree OOB accuracy: 100.00%
2026-08-09 23:12:06,062 INFO classification.RandomForest: Decision tree OOB accuracy: 100.00%
2026-08-09 23:12:06,062 INFO classification.RandomForest: Decision tree OOB accuracy: 100.00%
2026-08-09 23:12:06,062 INFO classification.RandomForest: Decision tree OOB accuracy: 100.00%
2026-08-09 23:12:06,062 INFO classification.RandomForest: Decision tree OOB accuracy: 100.00%
2026-08-09 23:12:06,063 INFO classification.RandomForest: Decision tree OOB accuracy: 100.00%
2026-08-09 23:12:06,063 INFO classification.RandomForest: Decision tree OOB accuracy: 100.00%
2026-08-09 23:12:06,062 INFO classification.RandomForest: Decision tree OOB accuracy: 100.00%
2026-08-09 23:12:06,062 INFO classification.RandomForest: Decision tree OOB accuracy: 100.00%
2026-08-09 23:12:06,063 INFO classification.RandomForest: Decision tree OOB accuracy: 100.00%
2026-08-09 23:12:06,063 INFO classification.RandomForest: Decision tree OOB accuracy: 100.00%
2026-08-09 23:12:06,063 INFO classification.RandomForest: Decision tree OOB accuracy: 100.00%
2026-08-09 23:12:06,063 INFO classification.RandomForest: Decision tree OOB accuracy: 100.00%
2026-08-09 23:12:06,063 INFO classification.RandomForest: Decision tree OOB accuracy: 100.00%
2026-08-09 23:12:06,063 INFO classification.RandomForest: Decision tree OOB accuracy: 100.00%
2026-08-09 23:12:06,063 INFO classification.RandomForest: Decision tree OOB accuracy: 100.00%
2026-08-09 23:12:06,063 INFO classification.RandomForest: Decision tree OOB accuracy: 100.00%
2026-08-09 23:12:06,063 INFO classification.RandomForest: Decision tree OOB accuracy: 100.00%
2026-08-09 23:12:06,063 INFO classification.RandomForest: Decision tree OOB accuracy: 100.00%
2026-08-09 23:12:06,063 INFO classification.RandomForest: Decision tree OOB accuracy: 100.00%
2026-08-09 23:12:06,063 INFO classification.RandomForest: Decision tree OOB accuracy: 100.00%
2026-08-09 23:12:06,063 INFO classification.RandomForest: Decision tree OOB accuracy: 100.00%
2026-08-09 23:12:06,063 INFO classification.RandomForest: Decision tree OOB accuracy: 100.00%
2026-08-09 23:12:06,063 INFO classification.RandomForest: Decision tree OOB accuracy: 100.00%
2026-08-09 23:12:06,063 INFO classification.RandomForest: Decision tree OOB accuracy: 100.00%
2026-08-09 23:12:06,064 INFO classification.RandomForest: Decision tree OOB accuracy: 100.00%
2026-08-09 23:12:06,063 INFO classification.RandomForest: Decision tree OOB accuracy: 100.00%
2026-08-09 23:12:06,064 INFO classification.RandomForest: Decision tree OOB accuracy: 100.00%
2026-08-09 23:12:06,064 INFO classification.RandomForest: Decision tree OOB accuracy: 100.00%
2026-08-09 23:12:06,064 INFO classification.RandomForest: Decision tree OOB accuracy: 100.00%
2026-08-09 23:12:06,064 INFO classification.RandomForest: Decision tree OOB accuracy: 100.00%
2026-08-09 23:12:06,063 INFO classification.RandomForest: Decision tree OOB accuracy: 100.00%
2026-08-09 23:12:06,063 INFO classification.RandomForest: Decision tree OOB accuracy: 100.00%
2026-08-09 23:12:06,064 INFO classification.RandomForest: Decision tree OOB accuracy: 100.00%
2026-08-09 23:12:06,063 INFO classification.RandomForest: Decision tree OOB accuracy: 100.00%
2026-08-09 23:12:06,064 INFO classification.RandomForest: Decision tree OOB accuracy: 100.00%
2026-08-09 23:12:06,064 INFO classification.RandomForest: Decision tree OOB accuracy: 100.00%
2026-08-09 23:12:06,064 INFO classification.RandomForest: Decision tree OOB accuracy: 100.00%
2026-08-09 23:12:06,064 INFO classification.RandomForest: Decision tree OOB accuracy: 100.00%
2026-08-09 23:12:06,064 INFO classification.RandomForest: Decision tree OOB accuracy: 100.00%
2026-08-09 23:12:06,064 INFO classification.RandomForest: Decision tree OOB accuracy: 100.00%
2026-08-09 23:12:06,064 INFO classification.RandomForest: Decision tree OOB accuracy: 100.00%
2026-08-09 23:12:06,064 INFO classification.RandomForest: Decision tree OOB accuracy: 100.00%
2026-08-09 23:12:06,064 INFO classification.RandomForest: Decision tree OOB accuracy: 100.00%
2026-08-09 23:12:06,064 INFO classification.RandomForest: Decision tree OOB accuracy: 100.00%
2026-08-09 23:12:06,064 INFO classification.RandomForest: Decision tree OOB accuracy: 100.00%
2026-08-09 23:12:06,064 INFO classification.RandomForest: Decision tree OOB accuracy: 100.00%
2026-08-09 23:12:06,064 INFO classification.RandomForest: Decision tree OOB accuracy: 100.00%
2026-08-09 23:12:06,064 INFO classification.RandomForest: Decision tree OOB accuracy: 100.00%
2026-08-09 23:12:06,064 INFO classification.RandomForest: Decision tree OOB accuracy: 100.00%
2026-08-09 23:12:06,064 INFO classification.RandomForest: Decision tree OOB accuracy: 100.00%
2026-08-09 23:12:06,065 INFO classification.RandomForest: Decision tree OOB accuracy: 100.00%
2026-08-09 23:12:06,064 INFO classification.RandomForest: Decision tree OOB accuracy: 100.00%
2026-08-09 23:12:06,065 INFO classification.RandomForest: Decision tree OOB accuracy: 100.00%
2026-08-09 23:12:06,065 INFO classification.RandomForest: Decision tree OOB accuracy: 100.00%
2026-08-09 23:12:06,065 INFO classification.RandomForest: Decision tree OOB accuracy: 100.00%
2026-08-09 23:12:06,065 INFO classification.RandomForest: Decision tree OOB accuracy: 100.00%
2026-08-09 23:12:06,065 INFO classification.RandomForest: Decision tree OOB accuracy: 100.00%
2026-08-09 23:12:06,065 INFO classification.RandomForest: Decision tree OOB accuracy: 100.00%
2026-08-09 23:12:06,065 INFO classification.RandomForest: Decision tree OOB accuracy: 100.00%
2026-08-09 23:12:06,065 INFO classification.RandomForest: Decision tree OOB accuracy: 100.00%
2026-08-09 23:12:06,065 INFO classification.RandomForest: Decision tree OOB accuracy: 100.00%
2026-08-09 23:12:06,065 INFO classification.RandomForest: Decision tree OOB accuracy: 100.00%
2026-08-09 23:12:06,065 INFO classification.RandomForest: Decision tree OOB accuracy: 100.00%
2026-08-09 23:12:06,065 INFO classification.RandomForest: Decision tree OOB accuracy: 100.00%
2026-08-09 23:12:06,065 INFO classification.RandomForest: Decision tree OOB accuracy: 100.00%
2026-08-09 23:12:06,065 INFO classification.RandomForest: Decision tree OOB accuracy: 100.00%
2026-08-09 23:12:06,065 INFO classification.RandomForest: Decision tree OOB accuracy: 100.00%
2026-08-09 23:12:06,066 INFO classification.RandomForest: Decision tree OOB accuracy: 100.00%
2026-08-09 23:12:06,065 INFO classification.RandomForest: Decision tree OOB accuracy: 100.00%
2026-08-09 23:12:06,065 INFO classification.RandomForest: Decision tree OOB accuracy: 100.00%
2026-08-09 23:12:06,066 INFO classification.RandomForest: Decision tree OOB accuracy: 100.00%
2026-08-09 23:12:06,066 INFO classification.RandomForest: Decision tree OOB accuracy: 100.00%
2026-08-09 23:12:06,067 INFO classification.RandomForest: Decision tree OOB accuracy: 100.00%
2026-08-09 23:12:06,066 INFO classification.RandomForest: Decision tree OOB accuracy: 100.00%
2026-08-09 23:12:06,066 INFO classification.RandomForest: Decision tree OOB accuracy: 100.00%
2026-08-09 23:12:06,066 INFO classification.RandomForest: Decision tree OOB accuracy: 100.00%
2026-08-09 23:12:06,067 INFO classification.RandomForest: Decision tree OOB accuracy: 100.00%
2026-08-09 23:12:06,066 INFO classification.RandomForest: Decision tree OOB accuracy: 100.00%
2026-08-09 23:12:06,065 INFO classification.RandomForest: Decision tree OOB accuracy: 100.00%
2026-08-09 23:12:06,067 INFO classification.RandomForest: Decision tree OOB accuracy: 100.00%
2026-08-09 23:12:06,067 INFO classification.RandomForest: Decision tree OOB accuracy: 100.00%
2026-08-09 23:12:06,067 INFO classification.RandomForest: Decision tree OOB accuracy: 100.00%
2026-08-09 23:12:06,067 INFO classification.RandomForest: Decision tree OOB accuracy: 100.00%
2026-08-09 23:12:06,067 INFO classification.RandomForest: Decision tree OOB accuracy: 100.00%
2026-08-09 23:12:06,067 INFO classification.RandomForest: Decision tree OOB accuracy: 100.00%
2026-08-09 23:12:06,067 INFO classification.RandomForest: Decision tree OOB accuracy: 100.00%
2026-08-09 23:12:06,067 INFO classification.RandomForest: Decision tree OOB accuracy: 100.00%
2026-08-09 23:12:06,067 INFO classification.RandomForest: Decision tree OOB accuracy: 100.00%
2026-08-09 23:12:06,067 INFO classification.RandomForest: Decision tree OOB accuracy: 100.00%
2026-08-09 23:12:06,068 INFO classification.RandomForest: Decision tree OOB accuracy: 100.00%
2026-08-09 23:12:06,067 INFO classification.RandomForest: Decision tree OOB accuracy: 100.00%
2026-08-09 23:12:06,068 INFO classification.RandomForest: Decision tree OOB accuracy: 100.00%
2026-08-09 23:12:06,068 INFO classification.RandomForest: Decision tree OOB accuracy: 100.00%
2026-08-09 23:12:06,068 INFO classification.RandomForest: Decision tree OOB accuracy: 100.00%
2026-08-09 23:12:06,068 INFO classification.RandomForest: Decision tree OOB accuracy: 100.00%
2026-08-09 23:12:06,068 INFO classification.RandomForest: Decision tree OOB accuracy: 100.00%
2026-08-09 23:12:06,068 INFO classification.RandomForest: Decision tree OOB accuracy: 100.00%
2026-08-09 23:12:06,067 INFO classification.RandomForest: Decision tree OOB accuracy: 100.00%
2026-08-09 23:12:06,068 INFO classification.RandomForest: Decision tree OOB accuracy: 100.00%
2026-08-09 23:12:06,068 INFO classification.RandomForest: Decision tree OOB accuracy: 100.00%
2026-08-09 23:12:06,068 INFO classification.RandomForest: Decision tree OOB accuracy: 100.00%
2026-08-09 23:12:06,068 INFO classification.RandomForest: Decision tree OOB accuracy: 100.00%
2026-08-09 23:12:06,068 INFO classification.RandomForest: Decision tree OOB accuracy: 100.00%
2026-08-09 23:12:06,068 INFO classification.RandomForest: Decision tree OOB accuracy: 100.00%
2026-08-09 23:12:06,068 INFO classification.RandomForest: Decision tree OOB accuracy: 100.00%
2026-08-09 23:12:06,068 INFO classification.RandomForest: Decision tree OOB accuracy: 100.00%
2026-08-09 23:12:06,068 INFO classification.RandomForest: Decision tree OOB accuracy: 100.00%
2026-08-09 23:12:06,068 INFO classification.RandomForest: Decision tree OOB accuracy: 100.00%
2026-08-09 23:12:06,069 INFO classification.RandomForest: Decision tree OOB accuracy: 100.00%
2026-08-09 23:12:06,069 INFO classification.RandomForest: Decision tree OOB accuracy: 100.00%
2026-08-09 23:12:06,069 INFO classification.RandomForest: Decision tree OOB accuracy: 100.00%
2026-08-09 23:12:06,068 INFO classification.RandomForest: Decision tree OOB accuracy: 100.00%
2026-08-09 23:12:06,069 INFO classification.RandomForest: Decision tree OOB accuracy: 100.00%
2026-08-09 23:12:06,068 INFO classification.RandomForest: Decision tree OOB accuracy: 100.00%
2026-08-09 23:12:06,069 INFO classification.RandomForest: Decision tree OOB accuracy: 100.00%
2026-08-09 23:12:06,069 INFO classification.RandomForest: Decision tree OOB accuracy: 100.00%
2026-08-09 23:12:06,069 INFO classification.RandomForest: Decision tree OOB accuracy: 100.00%
2026-08-09 23:12:06,068 INFO classification.RandomForest: Decision tree OOB accuracy: 100.00%
2026-08-09 23:12:06,068 INFO classification.RandomForest: Decision tree OOB accuracy: 100.00%
2026-08-09 23:12:06,070 INFO classification.RandomForest: Decision tree OOB accuracy: 100.00%
2026-08-09 23:12:06,070 INFO classification.RandomForest: Decision tree OOB accuracy: 100.00%
2026-08-09 23:12:06,070 INFO classification.RandomForest: Decision tree OOB accuracy: 100.00%
2026-08-09 23:12:06,070 INFO classification.RandomForest: Decision tree OOB accuracy: 100.00%
2026-08-09 23:12:06,070 INFO classification.RandomForest: Decision tree OOB accuracy: 100.00%
2026-08-09 23:12:06,070 INFO classification.RandomForest: Decision tree OOB accuracy: 100.00%
2026-08-09 23:12:06,070 INFO classification.RandomForest: Decision tree OOB accuracy: 100.00%
2026-08-09 23:12:06,070 INFO classification.RandomForest: Decision tree OOB accuracy: 100.00%
2026-08-09 23:12:06,070 INFO classification.RandomForest: Decision tree OOB accuracy: 100.00%
2026-08-09 23:12:06,070 INFO classification.RandomForest: Decision tree OOB accuracy: 100.00%
2026-08-09 23:12:06,070 INFO classification.RandomForest: Decision tree OOB accuracy: 100.00%
2026-08-09 23:12:06,070 INFO classification.RandomForest: Decision tree OOB accuracy: 100.00%
2026-08-09 23:12:06,070 INFO classification.RandomForest: Decision tree OOB accuracy: 100.00%
2026-08-09 23:12:06,070 INFO classification.RandomForest: Decision tree OOB accuracy: 100.00%
2026-08-09 23:12:06,070 INFO classification.RandomForest: Decision tree OOB accuracy: 100.00%
2026-08-09 23:12:06,070 INFO classification.RandomForest: Decision tree OOB accuracy: 100.00%
2026-08-09 23:12:06,071 INFO classification.RandomForest: Decision tree OOB accuracy: 100.00%
2026-08-09 23:12:06,071 INFO classification.RandomForest: Decision tree OOB accuracy: 100.00%
2026-08-09 23:12:06,070 INFO classification.RandomForest: Decision tree OOB accuracy: 100.00%
2026-08-09 23:12:06,071 INFO classification.RandomForest: Decision tree OOB accuracy: 100.00%
2026-08-09 23:12:06,070 INFO classification.RandomForest: Decision tree OOB accuracy: 100.00%
2026-08-09 23:12:06,071 INFO classification.RandomForest: Decision tree OOB accuracy: 100.00%
2026-08-09 23:12:06,071 INFO classification.RandomForest: Decision tree OOB accuracy: 100.00%
2026-08-09 23:12:06,071 INFO classification.RandomForest: Decision tree OOB accuracy: 100.00%
2026-08-09 23:12:06,072 INFO classification.RandomForest: Decision tree OOB accuracy: 100.00%
2026-08-09 23:12:06,072 INFO classification.RandomForest: Decision tree OOB accuracy: 100.00%
2026-08-09 23:12:06,071 INFO classification.RandomForest: Decision tree OOB accuracy: 100.00%
2026-08-09 23:12:06,072 INFO classification.RandomForest: Decision tree OOB accuracy: 100.00%
2026-08-09 23:12:06,071 INFO classification.RandomForest: Decision tree OOB accuracy: 100.00%
2026-08-09 23:12:06,071 INFO classification.RandomForest: Decision tree OOB accuracy: 100.00%
2026-08-09 23:12:06,072 INFO classification.RandomForest: Decision tree OOB accuracy: 100.00%
2026-08-09 23:12:06,072 INFO classification.RandomForest: Decision tree OOB accuracy: 100.00%
2026-08-09 23:12:06,072 INFO classification.RandomForest: Decision tree OOB accuracy: 100.00%
2026-08-09 23:12:06,072 INFO classification.RandomForest: Decision tree OOB accuracy: 100.00%
2026-08-09 23:12:06,072 INFO classification.RandomForest: Decision tree OOB accuracy: 100.00%
2026-08-09 23:12:06,072 INFO classification.RandomForest: Decision tree OOB accuracy: 100.00%
2026-08-09 23:12:06,072 INFO classification.RandomForest: Decision tree OOB accuracy: 100.00%
2026-08-09 23:12:06,072 INFO classification.RandomForest: Decision tree OOB accuracy: 100.00%
2026-08-09 23:12:06,072 INFO classification.RandomForest: Decision tree OOB accuracy: 100.00%
2026-08-09 23:12:06,072 INFO classification.RandomForest: Decision tree OOB accuracy: 100.00%
2026-08-09 23:12:06,072 INFO classification.RandomForest: Decision tree OOB accuracy: 100.00%
2026-08-09 23:12:06,072 INFO classification.RandomForest: Decision tree OOB accuracy: 100.00%
2026-08-09 23:12:06,072 INFO classification.RandomForest: Decision tree OOB accuracy: 100.00%
2026-08-09 23:12:06,072 INFO classification.RandomForest: Decision tree OOB accuracy: 100.00%
2026-08-09 23:12:06,072 INFO classification.RandomForest: Decision tree OOB accuracy: 100.00%
2026-08-09 23:12:06,072 INFO classification.RandomForest: Decision tree OOB accuracy: 100.00%
2026-08-09 23:12:06,072 INFO classification.RandomForest: Decision tree OOB accuracy: 100.00%
2026-08-09 23:12:06,072 INFO classification.RandomForest: Decision tree OOB accuracy: 100.00%
2026-08-09 23:12:06,072 INFO classification.RandomForest: Decision tree OOB accuracy: 100.00%
2026-08-09 23:12:06,072 INFO classification.RandomForest: Decision tree OOB accuracy: 100.00%
2026-08-09 23:12:06,073 INFO classification.RandomForest: Decision tree OOB accuracy: 100.00%
2026-08-09 23:12:06,073 INFO classification.RandomForest: Decision tree OOB accuracy: 100.00%
2026-08-09 23:12:06,073 INFO classification.RandomForest: Decision tree OOB accuracy: 100.00%
2026-08-09 23:12:06,073 INFO classification.RandomForest: Decision tree OOB accuracy: 100.00%
2026-08-09 23:12:06,073 INFO classification.RandomForest: Decision tree OOB accuracy: 100.00%
2026-08-09 23:12:06,073 INFO classification.RandomForest: Decision tree OOB accuracy: 100.00%
2026-08-09 23:12:06,073 INFO classification.RandomForest: Decision tree OOB accuracy: 100.00%
2026-08-09 23:12:06,073 INFO classification.RandomForest: Decision tree OOB accuracy: 100.00%
2026-08-09 23:12:06,073 INFO classification.RandomForest: Decision tree OOB accuracy: 100.00%
2026-08-09 23:12:06,073 INFO classification.RandomForest: Decision tree OOB accuracy: 100.00%
2026-08-09 23:12:06,073 INFO classification.RandomForest: Decision tree OOB accuracy: 100.00%
2026-08-09 23:12:06,073 INFO classification.RandomForest: Decision tree OOB accuracy: 100.00%
2026-08-09 23:12:06,073 INFO classification.RandomForest: Decision tree OOB accuracy: 100.00%
2026-08-09 23:12:06,073 INFO classification.RandomForest: Decision tree OOB accuracy: 100.00%
2026-08-09 23:12:06,073 INFO classification.RandomForest: Decision tree OOB accuracy: 100.00%
2026-08-09 23:12:06,073 INFO classification.RandomForest: Decision tree OOB accuracy: 100.00%
2026-08-09 23:12:06,073 INFO classification.RandomForest: Decision tree OOB accuracy: 100.00%
2026-08-09 23:12:06,073 INFO classification.RandomForest: Decision tree OOB accuracy: 100.00%
2026-08-09 23:12:06,074 INFO classification.RandomForest: Decision tree OOB accuracy: 100.00%
2026-08-09 23:12:06,073 INFO classification.RandomForest: Decision tree OOB accuracy: 100.00%
2026-08-09 23:12:06,073 INFO classification.RandomForest: Decision tree OOB accuracy: 100.00%
2026-08-09 23:12:06,074 INFO classification.RandomForest: Decision tree OOB accuracy: 100.00%
2026-08-09 23:12:06,073 INFO classification.RandomForest: Decision tree OOB accuracy: 100.00%
2026-08-09 23:12:06,073 INFO classification.RandomForest: Decision tree OOB accuracy: 100.00%
2026-08-09 23:12:06,074 INFO classification.RandomForest: Decision tree OOB accuracy: 100.00%
2026-08-09 23:12:06,074 INFO classification.RandomForest: Decision tree OOB accuracy: 100.00%
2026-08-09 23:12:06,074 INFO classification.RandomForest: Decision tree OOB accuracy: 100.00%
2026-08-09 23:12:06,074 INFO classification.RandomForest: Decision tree OOB accuracy: 100.00%
2026-08-09 23:12:06,074 INFO classification.RandomForest: Decision tree OOB accuracy: 100.00%
2026-08-09 23:12:06,074 INFO classification.RandomForest: Decision tree OOB accuracy: 100.00%
2026-08-09 23:12:06,074 INFO classification.RandomForest: Decision tree OOB accuracy: 100.00%
2026-08-09 23:12:06,074 INFO classification.RandomForest: Decision tree OOB accuracy: 100.00%
2026-08-09 23:12:06,074 INFO classification.RandomForest: Decision tree OOB accuracy: 100.00%
2026-08-09 23:12:06,074 INFO classification.RandomForest: Decision tree OOB accuracy: 100.00%
2026-08-09 23:12:06,074 INFO classification.RandomForest: Decision tree OOB accuracy: 100.00%
2026-08-09 23:12:06,074 INFO classification.RandomForest: Decision tree OOB accuracy: 100.00%
2026-08-09 23:12:06,074 INFO classification.RandomForest: Decision tree OOB accuracy: 100.00%
2026-08-09 23:12:06,074 INFO classification.RandomForest: Decision tree OOB accuracy: 100.00%
2026-08-09 23:12:06,074 INFO classification.RandomForest: Decision tree OOB accuracy: 100.00%
2026-08-09 23:12:06,075 INFO classification.RandomForest: Decision tree OOB accuracy: 100.00%
2026-08-09 23:12:06,074 INFO classification.RandomForest: Decision tree OOB accuracy: 100.00%
2026-08-09 23:12:06,074 INFO classification.RandomForest: Decision tree OOB accuracy: 100.00%
2026-08-09 23:12:06,074 INFO classification.RandomForest: Decision tree OOB accuracy: 100.00%
2026-08-09 23:12:06,075 INFO classification.RandomForest: Decision tree OOB accuracy: 100.00%
2026-08-09 23:12:06,075 INFO classification.RandomForest: Decision tree OOB accuracy: 100.00%
2026-08-09 23:12:06,075 INFO classification.RandomForest: Decision tree OOB accuracy: 100.00%
2026-08-09 23:12:06,075 INFO classification.RandomForest: Decision tree OOB accuracy: 100.00%
2026-08-09 23:12:06,074 INFO classification.RandomForest: Decision tree OOB accuracy: 100.00%
2026-08-09 23:12:06,075 INFO classification.RandomForest: Decision tree OOB accuracy: 100.00%
2026-08-09 23:12:06,075 INFO classification.RandomForest: Decision tree OOB accuracy: 100.00%
2026-08-09 23:12:06,075 INFO classification.RandomForest: Decision tree OOB accuracy: 100.00%
2026-08-09 23:12:06,075 INFO classification.RandomForest: Decision tree OOB accuracy: 100.00%
2026-08-09 23:12:06,075 INFO classification.RandomForest: Decision tree OOB accuracy: 100.00%
2026-08-09 23:12:06,075 INFO classification.RandomForest: Decision tree OOB accuracy: 100.00%
2026-08-09 23:12:06,075 INFO classification.RandomForest: Decision tree OOB accuracy: 100.00%
2026-08-09 23:12:06,075 INFO classification.RandomForest: Decision tree OOB accuracy: 100.00%
2026-08-09 23:12:06,075 INFO classification.RandomForest: Decision tree OOB accuracy: 100.00%
2026-08-09 23:12:06,075 INFO classification.RandomForest: Decision tree OOB accuracy: 100.00%
2026-08-09 23:12:06,075 INFO classification.RandomForest: Decision tree OOB accuracy: 100.00%
2026-08-09 23:12:06,075 INFO classification.RandomForest: Decision tree OOB accuracy: 100.00%
2026-08-09 23:12:06,076 INFO classification.RandomForest: Decision tree OOB accuracy: 100.00%
2026-08-09 23:12:06,075 INFO classification.RandomForest: Decision tree OOB accuracy: 100.00%
2026-08-09 23:12:06,075 INFO classification.RandomForest: Decision tree OOB accuracy: 100.00%
2026-08-09 23:12:06,075 INFO classification.RandomForest: Decision tree OOB accuracy: 100.00%
2026-08-09 23:12:06,076 INFO classification.RandomForest: Decision tree OOB accuracy: 100.00%
2026-08-09 23:12:06,076 INFO classification.RandomForest: Decision tree OOB accuracy: 100.00%
2026-08-09 23:12:06,076 INFO classification.RandomForest: Decision tree OOB accuracy: 100.00%
2026-08-09 23:12:06,076 INFO classification.RandomForest: Decision tree OOB accuracy: 100.00%
2026-08-09 23:12:06,076 INFO classification.RandomForest: Decision tree OOB accuracy: 100.00%
2026-08-09 23:12:06,076 INFO classification.RandomForest: Decision tree OOB accuracy: 100.00%
2026-08-09 23:12:06,076 INFO classification.RandomForest: Decision tree OOB accuracy: 100.00%
2026-08-09 23:12:06,076 INFO classification.RandomForest: Decision tree OOB accuracy: 100.00%
2026-08-09 23:12:06,076 INFO classification.RandomForest: Decision tree OOB accuracy: 100.00%
2026-08-09 23:12:06,077 INFO classification.RandomForest: Decision tree OOB accuracy: 100.00%
2026-08-09 23:12:06,076 INFO classification.RandomForest: Decision tree OOB accuracy: 100.00%
2026-08-09 23:12:06,077 INFO classification.RandomForest: Decision tree OOB accuracy: 100.00%
2026-08-09 23:12:06,077 INFO classification.RandomForest: Decision tree OOB accuracy: 100.00%
2026-08-09 23:12:06,077 INFO classification.RandomForest: Decision tree OOB accuracy: 100.00%
2026-08-09 23:12:06,077 INFO classification.RandomForest: Decision tree OOB accuracy: 100.00%
2026-08-09 23:12:06,077 INFO classification.RandomForest: Decision tree OOB accuracy: 100.00%
2026-08-09 23:12:06,077 INFO classification.RandomForest: Decision tree OOB accuracy: 100.00%
2026-08-09 23:12:06,076 INFO classification.RandomForest: Decision tree OOB accuracy: 100.00%
2026-08-09 23:12:06,077 INFO classification.RandomForest: Decision tree OOB accuracy: 100.00%
2026-08-09 23:12:06,076 INFO classification.RandomForest: Decision tree OOB accuracy: 100.00%
2026-08-09 23:12:06,077 INFO classification.RandomForest: Decision tree OOB accuracy: 100.00%
2026-08-09 23:12:06,077 INFO classification.RandomForest: Decision tree OOB accuracy: 100.00%
2026-08-09 23:12:06,077 INFO classification.RandomForest: Decision tree OOB accuracy: 100.00%
2026-08-09 23:12:06,077 INFO classification.RandomForest: Decision tree OOB accuracy: 100.00%
2026-08-09 23:12:06,077 INFO classification.RandomForest: Decision tree OOB accuracy: 100.00%
2026-08-09 23:12:06,077 INFO classification.RandomForest: Decision tree OOB accuracy: 100.00%
2026-08-09 23:12:06,077 INFO classification.RandomForest: Decision tree OOB accuracy: 100.00%
2026-08-09 23:12:06,077 INFO classification.RandomForest: Decision tree OOB accuracy: 100.00%
2026-08-09 23:12:06,077 INFO classification.RandomForest: Decision tree OOB accuracy: 100.00%
2026-08-09 23:12:06,077 INFO classification.RandomForest: Decision tree OOB accuracy: 100.00%
2026-08-09 23:12:06,077 INFO classification.RandomForest: Decision tree OOB accuracy: 100.00%
2026-08-09 23:12:06,077 INFO classification.RandomForest: Decision tree OOB accuracy: 100.00%
2026-08-09 23:12:06,077 INFO classification.RandomForest: Decision tree OOB accuracy: 100.00%
2026-08-09 23:12:06,077 INFO classification.RandomForest: Decision tree OOB accuracy: 100.00%
2026-08-09 23:12:06,077 INFO classification.RandomForest: Decision tree OOB accuracy: 100.00%
2026-08-09 23:12:06,077 INFO classification.RandomForest: Decision tree OOB accuracy: 100.00%
2026-08-09 23:12:06,077 INFO classification.RandomForest: Decision tree OOB accuracy: 100.00%
2026-08-09 23:12:06,078 INFO classification.RandomForest: Decision tree OOB accuracy: 100.00%
2026-08-09 23:12:06,078 INFO classification.RandomForest: Decision tree OOB accuracy: 100.00%
2026-08-09 23:12:06,078 INFO classification.RandomForest: Decision tree OOB accuracy: 100.00%
2026-08-09 23:12:06,078 INFO classification.RandomForest: Decision tree OOB accuracy: 100.00%
2026-08-09 23:12:06,078 INFO classification.RandomForest: Decision tree OOB accuracy: 100.00%
2026-08-09 23:12:06,077 INFO classification.RandomForest: Decision tree OOB accuracy: 100.00%
2026-08-09 23:12:06,078 INFO classification.RandomForest: Decision tree OOB accuracy: 100.00%
2026-08-09 23:12:06,078 INFO classification.RandomForest: Decision tree OOB accuracy: 100.00%
2026-08-09 23:12:06,078 INFO classification.RandomForest: Decision tree OOB accuracy: 100.00%
2026-08-09 23:12:06,078 INFO classification.RandomForest: Decision tree OOB accuracy: 100.00%
2026-08-09 23:12:06,078 INFO classification.RandomForest: Decision tree OOB accuracy: 100.00%
2026-08-09 23:12:06,078 INFO classification.RandomForest: Decision tree OOB accuracy: 100.00%
2026-08-09 23:12:06,078 INFO classification.RandomForest: Decision tree OOB accuracy: 100.00%
2026-08-09 23:12:06,078 INFO classification.RandomForest: Decision tree OOB accuracy: 100.00%
2026-08-09 23:12:06,078 INFO classification.RandomForest: Decision tree OOB accuracy: 100.00%
2026-08-09 23:12:06,078 INFO classification.RandomForest: Decision tree OOB accuracy: 100.00%
2026-08-09 23:12:06,078 INFO classification.RandomForest: Decision tree OOB accuracy: 100.00%
2026-08-09 23:12:06,078 INFO classification.RandomForest: Decision tree OOB accuracy: 100.00%
2026-08-09 23:12:06,078 INFO classification.RandomForest: Decision tree OOB accuracy: 100.00%
2026-08-09 23:12:06,078 INFO classification.RandomForest: Decision tree OOB accuracy: 100.00%
2026-08-09 23:12:06,078 INFO classification.RandomForest: Decision tree OOB accuracy: 100.00%
2026-08-09 23:12:06,079 INFO classification.RandomForest: Decision tree OOB accuracy: 100.00%
2026-08-09 23:12:06,078 INFO classification.RandomForest: Decision tree OOB accuracy: 100.00%
2026-08-09 23:12:06,079 INFO classification.RandomForest: Decision tree OOB accuracy: 100.00%
2026-08-09 23:12:06,079 INFO classification.RandomForest: Decision tree OOB accuracy: 100.00%
2026-08-09 23:12:06,078 INFO classification.RandomForest: Decision tree OOB accuracy: 100.00%
2026-08-09 23:12:06,079 INFO classification.RandomForest: Decision tree OOB accuracy: 100.00%
2026-08-09 23:12:06,078 INFO classification.RandomForest: Decision tree OOB accuracy: 100.00%
2026-08-09 23:12:06,079 INFO classification.RandomForest: Decision tree OOB accuracy: 100.00%
2026-08-09 23:12:06,079 INFO classification.RandomForest: Decision tree OOB accuracy: 100.00%
2026-08-09 23:12:06,079 INFO classification.RandomForest: Decision tree OOB accuracy: 100.00%
2026-08-09 23:12:06,079 INFO classification.RandomForest: Decision tree OOB accuracy: 100.00%
2026-08-09 23:12:06,079 INFO classification.RandomForest: Decision tree OOB accuracy: 100.00%
2026-08-09 23:12:06,079 INFO classification.RandomForest: Decision tree OOB accuracy: 100.00%
2026-08-09 23:12:06,079 INFO classification.RandomForest: Decision tree OOB accuracy: 100.00%
2026-08-09 23:12:06,079 INFO classification.RandomForest: Decision tree OOB accuracy: 100.00%
2026-08-09 23:12:06,079 INFO classification.RandomForest: Decision tree OOB accuracy: 100.00%
2026-08-09 23:12:06,079 INFO classification.RandomForest: Decision tree OOB accuracy: 100.00%
2026-08-09 23:12:06,079 INFO classification.RandomForest: Decision tree OOB accuracy: 100.00%
2026-08-09 23:12:06,079 INFO classification.RandomForest: Decision tree OOB accuracy: 100.00%
2026-08-09 23:12:06,079 INFO classification.RandomForest: Decision tree OOB accuracy: 100.00%
2026-08-09 23:12:06,079 INFO classification.RandomForest: Decision tree OOB accuracy: 100.00%
2026-08-09 23:12:06,079 INFO classification.RandomForest: Decision tree OOB accuracy: 100.00%
2026-08-09 23:12:06,079 INFO classification.RandomForest: Decision tree OOB accuracy: 100.00%
2026-08-09 23:12:06,079 INFO classification.RandomForest: Decision tree OOB accuracy: 100.00%
2026-08-09 23:12:06,079 INFO classification.RandomForest: Decision tree OOB accuracy: 100.00%
2026-08-09 23:12:06,079 INFO classification.RandomForest: Decision tree OOB accuracy: 100.00%
2026-08-09 23:12:06,079 INFO classification.RandomForest: Decision tree OOB accuracy: 100.00%
2026-08-09 23:12:06,079 INFO classification.RandomForest: Decision tree OOB accuracy: 100.00%
2026-08-09 23:12:06,079 INFO classification.RandomForest: Decision tree OOB accuracy: 100.00%
2026-08-09 23:12:06,080 INFO classification.RandomForest: Decision tree OOB accuracy: 100.00%
2026-08-09 23:12:06,079 INFO classification.RandomForest: Decision tree OOB accuracy: 100.00%
2026-08-09 23:12:06,080 INFO classification.RandomForest: Decision tree OOB accuracy: 100.00%
2026-08-09 23:12:06,080 INFO classification.RandomForest: Decision tree OOB accuracy: 100.00%
2026-08-09 23:12:06,080 INFO classification.RandomForest: Decision tree OOB accuracy: 100.00%
2026-08-09 23:12:06,080 INFO classification.RandomForest: Decision tree OOB accuracy: 100.00%
2026-08-09 23:12:06,080 INFO classification.RandomForest: Decision tree OOB accuracy: 100.00%
2026-08-09 23:12:06,080 INFO classification.RandomForest: Decision tree OOB accuracy: 100.00%
2026-08-09 23:12:06,080 INFO classification.RandomForest: Decision tree OOB accuracy: 100.00%
2026-08-09 23:12:06,080 INFO classification.RandomForest: Decision tree OOB accuracy: 100.00%
2026-08-09 23:12:06,079 INFO classification.RandomForest: Decision tree OOB accuracy: 100.00%
2026-08-09 23:12:06,080 INFO classification.RandomForest: Decision tree OOB accuracy: 100.00%
2026-08-09 23:12:06,080 INFO classification.RandomForest: Decision tree OOB accuracy: 100.00%
2026-08-09 23:12:06,080 INFO classification.RandomForest: Decision tree OOB accuracy: 100.00%
2026-08-09 23:12:06,080 INFO classification.RandomForest: Decision tree OOB accuracy: 100.00%
2026-08-09 23:12:06,080 INFO classification.RandomForest: Decision tree OOB accuracy: 100.00%
2026-08-09 23:12:06,080 INFO classification.RandomForest: Decision tree OOB accuracy: 100.00%
2026-08-09 23:12:06,080 INFO classification.RandomForest: Decision tree OOB accuracy: 100.00%
2026-08-09 23:12:06,080 INFO classification.RandomForest: Decision tree OOB accuracy: 100.00%
2026-08-09 23:12:06,080 INFO classification.RandomForest: Decision tree OOB accuracy: 100.00%
2026-08-09 23:12:06,080 INFO classification.RandomForest: Decision tree OOB accuracy: 100.00%
2026-08-09 23:12:06,080 INFO classification.RandomForest: Decision tree OOB accuracy: 100.00%
2026-08-09 23:12:06,080 INFO classification.RandomForest: Decision tree OOB accuracy: 100.00%
2026-08-09 23:12:06,080 INFO classification.RandomForest: Decision tree OOB accuracy: 100.00%
2026-08-09 23:12:06,081 INFO classification.RandomForest: Decision tree OOB accuracy: 100.00%
2026-08-09 23:12:06,081 INFO classification.RandomForest: Decision tree OOB accuracy: 100.00%
2026-08-09 23:12:06,080 INFO classification.RandomForest: Decision tree OOB accuracy: 100.00%
2026-08-09 23:12:06,081 INFO classification.RandomForest: Decision tree OOB accuracy: 100.00%
2026-08-09 23:12:06,081 INFO classification.RandomForest: Decision tree OOB accuracy: 100.00%
2026-08-09 23:12:06,081 INFO classification.RandomForest: Decision tree OOB accuracy: 100.00%
2026-08-09 23:12:06,081 INFO classification.RandomForest: Decision tree OOB accuracy: 100.00%
2026-08-09 23:12:06,081 INFO classification.RandomForest: Decision tree OOB accuracy: 100.00%
2026-08-09 23:12:06,081 INFO classification.RandomForest: Decision tree OOB accuracy: 100.00%
2026-08-09 23:12:06,081 INFO classification.RandomForest: Decision tree OOB accuracy: 100.00%
2026-08-09 23:12:06,081 INFO classification.RandomForest: Decision tree OOB accuracy: 100.00%
2026-08-09 23:12:06,081 INFO classification.RandomForest: Decision tree OOB accuracy: 100.00%
2026-08-09 23:12:06,081 INFO classification.RandomForest: Decision tree OOB accuracy: 100.00%
2026-08-09 23:12:06,081 INFO classification.RandomForest: Decision tree OOB accuracy: 100.00%
2026-08-09 23:12:06,081 INFO classification.RandomForest: Decision tree OOB accuracy: 100.00%
2026-08-09 23:12:06,081 INFO classification.RandomForest: Decision tree OOB accuracy: 100.00%
2026-08-09 23:12:06,081 INFO classification.RandomForest: Decision tree OOB accuracy: 100.00%
2026-08-09 23:12:06,081 INFO classification.RandomForest: Decision tree OOB accuracy: 100.00%
2026-08-09 23:12:06,081 INFO classification.RandomForest: Decision tree OOB accuracy: 100.00%
2026-08-09 23:12:06,081 INFO classification.RandomForest: Decision tree OOB accuracy: 100.00%
2026-08-09 23:12:06,081 INFO classification.RandomForest: Decision tree OOB accuracy: 100.00%
2026-08-09 23:12:06,081 INFO classification.RandomForest: Decision tree OOB accuracy: 100.00%
2026-08-09 23:12:06,081 INFO classification.RandomForest: Decision tree OOB accuracy: 100.00%
2026-08-09 23:12:06,081 INFO classification.RandomForest: Decision tree OOB accuracy: 100.00%
2026-08-09 23:12:06,081 INFO classification.RandomForest: Decision tree OOB accuracy: 100.00%
2026-08-09 23:12:06,081 INFO classification.RandomForest: Decision tree OOB accuracy: 100.00%
2026-08-09 23:12:06,081 INFO classification.RandomForest: Decision tree OOB accuracy: 100.00%
2026-08-09 23:12:06,082 INFO classification.RandomForest: Decision tree OOB accuracy: 100.00%
2026-08-09 23:12:06,081 INFO classification.RandomForest: Decision tree OOB accuracy: 100.00%
2026-08-09 23:12:06,081 INFO classification.RandomForest: Decision tree OOB accuracy: 100.00%
2026-08-09 23:12:06,082 INFO classification.RandomForest: Decision tree OOB accuracy: 100.00%
2026-08-09 23:12:06,082 INFO classification.RandomForest: Decision tree OOB accuracy: 100.00%
2026-08-09 23:12:06,082 INFO classification.RandomForest: Decision tree OOB accuracy: 100.00%
2026-08-09 23:12:06,082 INFO classification.RandomForest: Decision tree OOB accuracy: 100.00%
2026-08-09 23:12:06,082 INFO classification.RandomForest: Decision tree OOB accuracy: 100.00%
2026-08-09 23:12:06,082 INFO classification.RandomForest: Decision tree OOB accuracy: 100.00%
2026-08-09 23:12:06,082 INFO classification.RandomForest: Decision tree OOB accuracy: 100.00%
2026-08-09 23:12:06,082 INFO classification.RandomForest: Decision tree OOB accuracy: 100.00%
2026-08-09 23:12:06,082 INFO classification.RandomForest: Decision tree OOB accuracy: 100.00%
2026-08-09 23:12:06,082 INFO classification.RandomForest: Decision tree OOB accuracy: 100.00%
2026-08-09 23:12:06,082 INFO classification.RandomForest: Decision tree OOB accuracy: 100.00%
2026-08-09 23:12:06,082 INFO classification.RandomForest: Decision tree OOB accuracy: 100.00%
2026-08-09 23:12:06,082 INFO classification.RandomForest: Decision tree OOB accuracy: 100.00%
2026-08-09 23:12:06,082 INFO classification.RandomForest: Decision tree OOB accuracy: 100.00%
2026-08-09 23:12:06,082 INFO classification.RandomForest: Decision tree OOB accuracy: 100.00%
2026-08-09 23:12:06,082 INFO classification.RandomForest: Decision tree OOB accuracy: 100.00%
2026-08-09 23:12:06,082 INFO classification.RandomForest: Decision tree OOB accuracy: 100.00%
2026-08-09 23:12:06,082 INFO classification.RandomForest: Decision tree OOB accuracy: 100.00%
2026-08-09 23:12:06,082 INFO classification.RandomForest: Decision tree OOB accuracy: 100.00%
[smile] predicted class for row 0 = 0, posteriori = [0.9545454545454541, 0.0454545454545459]
2026-08-09 23:12:06,087 INFO util.ShutdownHookManager: Shutdown hook called
2026-08-09 23:12:06,087 INFO util.ShutdownHookManager: Deleting directory /private/var/folders/01/7kzv0jfn5b53d16tqv0sk5r80000gn/T/spark-4a0be388-f054-4be6-8788-ae59ac6a1abc
2026-08-09 23:12:06,090 INFO util.ShutdownHookManager: Deleting directory /private/var/folders/01/7kzv0jfn5b53d16tqv0sk5r80000gn/T/spark-1c41b15c-9fb7-49c6-af50-dbb01e0000c7
